   text	   data	    bss	    dec	    hex	filename
 0xc63c	 0x16fc	  0x328	  57440	   e060	/home/taozhi/tf2/BUILD/GAP8_V2/GCC_RISCV_PULPOS/application
/home/taozhi/tf2/BUILD/GAP8_V2/GCC_RISCV_PULPOS/application:1b000bb8 00000001 D camera_isAwaked	/home/taozhi/gap/gap_sdk/gap8/rtos/pulp/pulp-os/drivers_deprecated/camera/himax.c:150
/home/taozhi/tf2/BUILD/GAP8_V2/GCC_RISCV_PULPOS/application:00000338 00000001 D __rt_hyper_pending_emu_do_memcpy	/home/taozhi/gap/gap_sdk/gap8/rtos/pulp/pulp-os/drivers/hyper/hyperram-v1.c:53
/home/taozhi/tf2/BUILD/GAP8_V2/GCC_RISCV_PULPOS/application:1c006054 00000002 T __flash_conf_init	/home/taozhi/gap/gap_sdk/rtos/pmsis/pmsis_bsp/flash/flash.c:33
/home/taozhi/tf2/BUILD/GAP8_V2/GCC_RISCV_PULPOS/application:1c008392 00000002 W illegal_insn_handler_c	/home/taozhi/gap/gap_sdk/gap8/rtos/pulp/pulp-os/kernel/irq.c:89
/home/taozhi/tf2/BUILD/GAP8_V2/GCC_RISCV_PULPOS/application:1c00690c 00000002 t __pi_host_fs_direct_read_async
/home/taozhi/tf2/BUILD/GAP8_V2/GCC_RISCV_PULPOS/application:1c0067d4 00000002 t __pi_host_fs_unmount	/home/taozhi/gap/gap_sdk/rtos/pmsis/pmsis_bsp/fs/host_fs/host_fs.c:40
/home/taozhi/tf2/BUILD/GAP8_V2/GCC_RISCV_PULPOS/application:1c00735c 00000002 T pi_partition_table_free	/home/taozhi/gap/gap_sdk/rtos/pmsis/pmsis_bsp/partition/partition.c:46
/home/taozhi/tf2/BUILD/GAP8_V2/GCC_RISCV_PULPOS/application:1c008a80 00000002 T pi_task_push_delayed_us	/home/taozhi/gap/gap_sdk/gap8/rtos/pulp/pulp-os/kernel/events.c:273
/home/taozhi/tf2/BUILD/GAP8_V2/GCC_RISCV_PULPOS/application:1c009582 00000002 T __rt_fll_deinit	/home/taozhi/gap/gap_sdk/gap8/rtos/pulp/pulp-os/kernel/gap/pmu_driver.c:876
/home/taozhi/tf2/BUILD/GAP8_V2/GCC_RISCV_PULPOS/application:1c009584 00000002 T __rt_flls_constructor	/home/taozhi/gap/gap_sdk/gap8/rtos/pulp/pulp-os/kernel/gap/pmu_driver.c:880
/home/taozhi/tf2/BUILD/GAP8_V2/GCC_RISCV_PULPOS/application:1c00c85c 00000003 d ToHWDCDC_Pos	/home/taozhi/gap/gap_sdk/gap8/rtos/pulp/pulp-os/kernel/gap/pmu_driver.c:192
/home/taozhi/tf2/BUILD/GAP8_V2/GCC_RISCV_PULPOS/application:1c00cba0 00000004 b __bsp_init_pads_done	/home/taozhi/gap/gap_sdk/rtos/pmsis/pmsis_bsp/bsp/ai_deck.c:28
/home/taozhi/tf2/BUILD/GAP8_V2/GCC_RISCV_PULPOS/application:1c00be4c 00000004 t ctor_list	/home/taozhi/gap/gap_sdk/gap8/rtos/pulp/pulp-os/kernel/init.c:29
/home/taozhi/tf2/BUILD/GAP8_V2/GCC_RISCV_PULPOS/application:1c00be88 00000004 t dtor_list	/home/taozhi/gap/gap_sdk/gap8/rtos/pulp/pulp-os/kernel/init.c:30
/home/taozhi/tf2/BUILD/GAP8_V2/GCC_RISCV_PULPOS/application:1c00cbdc 00000004 B first_delayed
/home/taozhi/tf2/BUILD/GAP8_V2/GCC_RISCV_PULPOS/application:1c00cb8c 00000004 b Input_1	/home/taozhi/tf2/application.c:15
/home/taozhi/tf2/BUILD/GAP8_V2/GCC_RISCV_PULPOS/application:1000001c 00000004 D mnist_L1_Memory
/home/taozhi/tf2/BUILD/GAP8_V2/GCC_RISCV_PULPOS/application:1c00c840 00000004 D mnist_L2_Memory
/home/taozhi/tf2/BUILD/GAP8_V2/GCC_RISCV_PULPOS/application:1c00cb94 00000004 B mnist_L3_Flash
/home/taozhi/tf2/BUILD/GAP8_V2/GCC_RISCV_PULPOS/application:1c00cb90 00000004 b Output_1	/home/taozhi/tf2/application.c:16
/home/taozhi/tf2/BUILD/GAP8_V2/GCC_RISCV_PULPOS/application:1c00cbac 00000004 b __pi_hyper_cluster_reqs_first	/home/taozhi/gap/gap_sdk/gap8/rtos/pulp/pulp-os/drivers/hyper/hyperram-v1.c:62
/home/taozhi/tf2/BUILD/GAP8_V2/GCC_RISCV_PULPOS/application:1c008342 00000004 T pi_open_from_conf	/home/taozhi/gap/gap_sdk/gap8/rtos/pulp/pulp-os/kernel/init.c:325
/home/taozhi/tf2/BUILD/GAP8_V2/GCC_RISCV_PULPOS/application:1c00735e 00000004 T pi_partition_table_load	/home/taozhi/gap/gap_sdk/rtos/pmsis/pmsis_bsp/partition/partition.c:51
/home/taozhi/tf2/BUILD/GAP8_V2/GCC_RISCV_PULPOS/application:1c00626e 00000004 t __pi_read_fs_unmount	/home/taozhi/gap/gap_sdk/rtos/pmsis/pmsis_bsp/fs/read_fs/read_fs.c:230
/home/taozhi/tf2/BUILD/GAP8_V2/GCC_RISCV_PULPOS/application:1c00c860 00000004 D PMURetentionState
/home/taozhi/tf2/BUILD/GAP8_V2/GCC_RISCV_PULPOS/application:00000354 00000004 D pwmEventsStatus	/home/taozhi/gap/gap_sdk/gap8/rtos/pulp/pulp-os/drivers/pwm/pwm.c:9
/home/taozhi/tf2/BUILD/GAP8_V2/GCC_RISCV_PULPOS/application:1c00c86c 00000004 d RetPMUStateToPMUState	/home/taozhi/gap/gap_sdk/gap8/rtos/pulp/pulp-os/kernel/gap/pmu_driver.c:185
/home/taozhi/tf2/BUILD/GAP8_V2/GCC_RISCV_PULPOS/application:1c00cbd8 00000004 B __rt_alloc_fc_tcdm
/home/taozhi/tf2/BUILD/GAP8_V2/GCC_RISCV_PULPOS/application:1c00cbd0 00000004 B __rt_alloc_l1
/home/taozhi/tf2/BUILD/GAP8_V2/GCC_RISCV_PULPOS/application:1c00cbd4 00000004 B __rt_alloc_l2
/home/taozhi/tf2/BUILD/GAP8_V2/GCC_RISCV_PULPOS/application:00000014 00000004 d __rt_bridge_eeprom_handle	/home/taozhi/gap/gap_sdk/gap8/rtos/pulp/pulp-os/kernel/bridge.c:25
/home/taozhi/tf2/BUILD/GAP8_V2/GCC_RISCV_PULPOS/application:00000010 00000004 d __rt_bridge_flash_cs	/home/taozhi/gap/gap_sdk/gap8/rtos/pulp/pulp-os/kernel/bridge.c:29
/home/taozhi/tf2/BUILD/GAP8_V2/GCC_RISCV_PULPOS/application:00000004 00000004 d __rt_bridge_flash_handle	/home/taozhi/gap/gap_sdk/gap8/rtos/pulp/pulp-os/kernel/bridge.c:26
/home/taozhi/tf2/BUILD/GAP8_V2/GCC_RISCV_PULPOS/application:0000000c 00000004 d __rt_bridge_flash_itf	/home/taozhi/gap/gap_sdk/gap8/rtos/pulp/pulp-os/kernel/bridge.c:28
/home/taozhi/tf2/BUILD/GAP8_V2/GCC_RISCV_PULPOS/application:00000008 00000004 d __rt_bridge_flash_type	/home/taozhi/gap/gap_sdk/gap8/rtos/pulp/pulp-os/kernel/bridge.c:27
/home/taozhi/tf2/BUILD/GAP8_V2/GCC_RISCV_PULPOS/application:00000390 00000004 D __rtc_handler	/home/taozhi/gap/gap_sdk/gap8/rtos/pulp/pulp-os/drivers_deprecated/dolphin/rtc.c:25
/home/taozhi/tf2/BUILD/GAP8_V2/GCC_RISCV_PULPOS/application:10000080 00000004 D __rt_cluster_fc_task_lock	/home/taozhi/gap/gap_sdk/gap8/rtos/pulp/pulp-os/kernel/cluster.c:59
/home/taozhi/tf2/BUILD/GAP8_V2/GCC_RISCV_PULPOS/application:00000018 00000004 D __rt_cluster_nb_active_pe
/home/taozhi/tf2/BUILD/GAP8_V2/GCC_RISCV_PULPOS/application:1c00cbec 00000004 B __rt_cluster_tasks	/home/taozhi/gap/gap_sdk/gap8/rtos/pulp/pulp-os/kernel/cluster.c:41
/home/taozhi/tf2/BUILD/GAP8_V2/GCC_RISCV_PULPOS/application:1b000b9c 00000004 D __rt_debug_config
/home/taozhi/tf2/BUILD/GAP8_V2/GCC_RISCV_PULPOS/application:1b000b98 00000004 D __rt_debug_config_trace
/home/taozhi/tf2/BUILD/GAP8_V2/GCC_RISCV_PULPOS/application:00000014 00000004 D __rt_dma_first_pending
/home/taozhi/tf2/BUILD/GAP8_V2/GCC_RISCV_PULPOS/application:00000010 00000004 D __rt_dma_last_pending
/home/taozhi/tf2/BUILD/GAP8_V2/GCC_RISCV_PULPOS/application:1c00cba8 00000004 b __rt_fc_cluster_device	/home/taozhi/gap/gap_sdk/gap8/rtos/pulp/pulp-os/kernel/pulpos_emu.c:25
/home/taozhi/tf2/BUILD/GAP8_V2/GCC_RISCV_PULPOS/application:1c00c830 00000004 V __rt_fc_stack_size	/home/taozhi/gap/gap_sdk/gap8/rtos/pulp/pulp-os/kernel/conf.c:36
/home/taozhi/tf2/BUILD/GAP8_V2/GCC_RISCV_PULPOS/application:00000018 00000004 D __rt_first_free
/home/taozhi/tf2/BUILD/GAP8_V2/GCC_RISCV_PULPOS/application:00000324 00000004 D __rt_hyper_current_task	/home/taozhi/gap/gap_sdk/gap8/rtos/pulp/pulp-os/drivers/hyper/hyperram-v1.c:27
/home/taozhi/tf2/BUILD/GAP8_V2/GCC_RISCV_PULPOS/application:00000320 00000004 D __rt_hyper_end_task	/home/taozhi/gap/gap_sdk/gap8/rtos/pulp/pulp-os/drivers/hyper/hyperram-v1.c:25
/home/taozhi/tf2/BUILD/GAP8_V2/GCC_RISCV_PULPOS/application:1c00cbb0 00000004 b __rt_hyper_open_count	/home/taozhi/gap/gap_sdk/gap8/rtos/pulp/pulp-os/drivers/hyper/hyperram-v1.c:65
/home/taozhi/tf2/BUILD/GAP8_V2/GCC_RISCV_PULPOS/application:00000314 00000004 D __rt_hyper_pending_addr	/home/taozhi/gap/gap_sdk/gap8/rtos/pulp/pulp-os/drivers/hyper/hyperram-v1.c:33
/home/taozhi/tf2/BUILD/GAP8_V2/GCC_RISCV_PULPOS/application:0000030c 00000004 D __rt_hyper_pending_base	/home/taozhi/gap/gap_sdk/gap8/rtos/pulp/pulp-os/drivers/hyper/hyperram-v1.c:31
/home/taozhi/tf2/BUILD/GAP8_V2/GCC_RISCV_PULPOS/application:00000330 00000004 D __rt_hyper_pending_emu_addr	/home/taozhi/gap/gap_sdk/gap8/rtos/pulp/pulp-os/drivers/hyper/hyperram-v1.c:48
/home/taozhi/tf2/BUILD/GAP8_V2/GCC_RISCV_PULPOS/application:00000328 00000004 D __rt_hyper_pending_emu_channel	/home/taozhi/gap/gap_sdk/gap8/rtos/pulp/pulp-os/drivers/hyper/hyperram-v1.c:46
/home/taozhi/tf2/BUILD/GAP8_V2/GCC_RISCV_PULPOS/application:0000032c 00000004 D __rt_hyper_pending_emu_hyper_addr	/home/taozhi/gap/gap_sdk/gap8/rtos/pulp/pulp-os/drivers/hyper/hyperram-v1.c:47
/home/taozhi/tf2/BUILD/GAP8_V2/GCC_RISCV_PULPOS/application:0000034c 00000004 D __rt_hyper_pending_emu_length	/home/taozhi/gap/gap_sdk/gap8/rtos/pulp/pulp-os/drivers/hyper/hyperram-v1.c:51
/home/taozhi/tf2/BUILD/GAP8_V2/GCC_RISCV_PULPOS/application:00000334 00000004 D __rt_hyper_pending_emu_size	/home/taozhi/gap/gap_sdk/gap8/rtos/pulp/pulp-os/drivers/hyper/hyperram-v1.c:49
/home/taozhi/tf2/BUILD/GAP8_V2/GCC_RISCV_PULPOS/application:00000348 00000004 D __rt_hyper_pending_emu_size_2d	/home/taozhi/gap/gap_sdk/gap8/rtos/pulp/pulp-os/drivers/hyper/hyperram-v1.c:50
/home/taozhi/tf2/BUILD/GAP8_V2/GCC_RISCV_PULPOS/application:00000350 00000004 D __rt_hyper_pending_emu_stride	/home/taozhi/gap/gap_sdk/gap8/rtos/pulp/pulp-os/drivers/hyper/hyperram-v1.c:52
/home/taozhi/tf2/BUILD/GAP8_V2/GCC_RISCV_PULPOS/application:0000033c 00000004 D __rt_hyper_pending_emu_task	/home/taozhi/gap/gap_sdk/gap8/rtos/pulp/pulp-os/drivers/hyper/hyperram-v1.c:54
/home/taozhi/tf2/BUILD/GAP8_V2/GCC_RISCV_PULPOS/application:00000310 00000004 D __rt_hyper_pending_hyper_addr	/home/taozhi/gap/gap_sdk/gap8/rtos/pulp/pulp-os/drivers/hyper/hyperram-v1.c:32
/home/taozhi/tf2/BUILD/GAP8_V2/GCC_RISCV_PULPOS/application:00000318 00000004 D __rt_hyper_pending_repeat	/home/taozhi/gap/gap_sdk/gap8/rtos/pulp/pulp-os/drivers/hyper/hyperram-v1.c:34
/home/taozhi/tf2/BUILD/GAP8_V2/GCC_RISCV_PULPOS/application:0000031c 00000004 D __rt_hyper_pending_repeat_size	/home/taozhi/gap/gap_sdk/gap8/rtos/pulp/pulp-os/drivers/hyper/hyperram-v1.c:35
/home/taozhi/tf2/BUILD/GAP8_V2/GCC_RISCV_PULPOS/application:00000340 00000004 D __rt_hyper_pending_tasks	/home/taozhi/gap/gap_sdk/gap8/rtos/pulp/pulp-os/drivers/hyper/hyperram-v1.c:39
/home/taozhi/tf2/BUILD/GAP8_V2/GCC_RISCV_PULPOS/application:00000344 00000004 D __rt_hyper_pending_tasks_last	/home/taozhi/gap/gap_sdk/gap8/rtos/pulp/pulp-os/drivers/hyper/hyperram-v1.c:40
/home/taozhi/tf2/BUILD/GAP8_V2/GCC_RISCV_PULPOS/application:1c00a3d0 00000004 T __rt_hyper_resume_copy	/home/taozhi/gap/gap_sdk/gap8/rtos/pulp/pulp-os/drivers/hyper/hyperram-v1.c:988
/home/taozhi/tf2/BUILD/GAP8_V2/GCC_RISCV_PULPOS/application:00000308 00000004 D __rt_hyper_udma_handle
/home/taozhi/tf2/BUILD/GAP8_V2/GCC_RISCV_PULPOS/application:1c00cbb4 00000004 b __rt_i2s_first	/home/taozhi/gap/gap_sdk/gap8/rtos/pulp/pulp-os/drivers_deprecated/i2s/i2s-v1.c:40
/home/taozhi/tf2/BUILD/GAP8_V2/GCC_RISCV_PULPOS/application:1c00c834 00000004 V __rt_iodev
/home/taozhi/tf2/BUILD/GAP8_V2/GCC_RISCV_PULPOS/application:1c00c838 00000004 V __rt_iodev_uart_baudrate
/home/taozhi/tf2/BUILD/GAP8_V2/GCC_RISCV_PULPOS/application:1c00cb9c 00000004 V __rt_iodev_uart_channel
/home/taozhi/tf2/BUILD/GAP8_V2/GCC_RISCV_PULPOS/application:1c00cbc0 00000004 b __rt_io_event_current	/home/taozhi/gap/gap_sdk/gap8/rtos/pulp/pulp-os/libs/io/io.c:40
/home/taozhi/tf2/BUILD/GAP8_V2/GCC_RISCV_PULPOS/application:1c00cbc4 00000004 b __rt_io_pending_flush	/home/taozhi/gap/gap_sdk/gap8/rtos/pulp/pulp-os/libs/io/io.c:50
/home/taozhi/tf2/BUILD/GAP8_V2/GCC_RISCV_PULPOS/application:1c00cbcc 00000004 b _rt_io_uart	/home/taozhi/gap/gap_sdk/gap8/rtos/pulp/pulp-os/libs/io/io.c:38
/home/taozhi/tf2/BUILD/GAP8_V2/GCC_RISCV_PULPOS/application:1c00c83c 00000004 V __rt_platform
/home/taozhi/tf2/BUILD/GAP8_V2/GCC_RISCV_PULPOS/application:1c00cbc8 00000004 b __rt_putc_host_buffer_index	/home/taozhi/gap/gap_sdk/gap8/rtos/pulp/pulp-os/libs/io/io.c:48
/home/taozhi/tf2/BUILD/GAP8_V2/GCC_RISCV_PULPOS/application:0000038c 00000004 D __rt_rtc_init_done	/home/taozhi/gap/gap_sdk/gap8/rtos/pulp/pulp-os/drivers_deprecated/dolphin/rtc.c:26
/home/taozhi/tf2/BUILD/GAP8_V2/GCC_RISCV_PULPOS/application:1c00cbe8 00000004 B __rt_wakeup_use_fast	/home/taozhi/gap/gap_sdk/gap8/rtos/pulp/pulp-os/kernel/gap/pmu_driver.c:173
/home/taozhi/tf2/BUILD/GAP8_V2/GCC_RISCV_PULPOS/application:1c00cb98 00000004 b task	/home/taozhi/tf2/application.c:19
/home/taozhi/tf2/BUILD/GAP8_V2/GCC_RISCV_PULPOS/application:1c00cba4 00000004 b timer_count	/home/taozhi/gap/gap_sdk/gap8/rtos/pulp/pulp-os/kernel/time.c:23
/home/taozhi/tf2/BUILD/GAP8_V2/GCC_RISCV_PULPOS/application:1c000eb6 00000006 T main	/home/taozhi/tf2/application.c:136
/home/taozhi/tf2/BUILD/GAP8_V2/GCC_RISCV_PULPOS/application:1c008c54 00000006 T pi_cl_l1_malloc	/home/taozhi/gap/gap_sdk/gap8/rtos/pulp/pulp-os/kernel/alloc.c:582
/home/taozhi/tf2/BUILD/GAP8_V2/GCC_RISCV_PULPOS/application:1c00977c 00000006 T pi_cluster_conf_init	/home/taozhi/gap/gap_sdk/gap8/rtos/pulp/pulp-os/kernel/cluster.c:337
/home/taozhi/tf2/BUILD/GAP8_V2/GCC_RISCV_PULPOS/application:1c0067fa 00000006 t __pi_host_fs_seek	/home/taozhi/gap/gap_sdk/rtos/pmsis/pmsis_bsp/fs/host_fs/host_fs.c:109
/home/taozhi/tf2/BUILD/GAP8_V2/GCC_RISCV_PULPOS/application:1c00ac50 00000006 T putchar	/home/taozhi/gap/gap_sdk/gap8/rtos/pulp/pulp-os/libs/io/io.c:621
/home/taozhi/tf2/BUILD/GAP8_V2/GCC_RISCV_PULPOS/application:1c009586 00000006 T __rt_fll_set_freq	/home/taozhi/gap/gap_sdk/gap8/rtos/pulp/pulp-os/kernel/gap/pmu_driver.c:884
/home/taozhi/tf2/BUILD/GAP8_V2/GCC_RISCV_PULPOS/application:1c0080e0 00000006 T semihost_close	/home/taozhi/gap/gap_sdk/rtos/pmsis/pmsis_bsp/fs/host_fs/semihost.c:18
/home/taozhi/tf2/BUILD/GAP8_V2/GCC_RISCV_PULPOS/application:1c008132 00000006 T semihost_exit	/home/taozhi/gap/gap_sdk/rtos/pmsis/pmsis_bsp/fs/host_fs/semihost.c:47
/home/taozhi/tf2/BUILD/GAP8_V2/GCC_RISCV_PULPOS/application:1c0080b0 00000006 T semihost_write0	/home/taozhi/gap/gap_sdk/rtos/pmsis/pmsis_bsp/fs/host_fs/semihost.c:6
/home/taozhi/tf2/BUILD/GAP8_V2/GCC_RISCV_PULPOS/application:1c00c844 00000007 d SystemStateToSCUFastSeq	/home/taozhi/gap/gap_sdk/gap8/rtos/pulp/pulp-os/kernel/gap/pmu_driver.c:176
/home/taozhi/tf2/BUILD/GAP8_V2/GCC_RISCV_PULPOS/application:1c00c864 00000008 D FllsFrequency
/home/taozhi/tf2/BUILD/GAP8_V2/GCC_RISCV_PULPOS/application:1c00614c 00000008 t pi_flash_read_async	/home/taozhi/gap/gap_sdk/rtos/pmsis/pmsis_bsp/include/bsp/flash.h:428
/home/taozhi/tf2/BUILD/GAP8_V2/GCC_RISCV_PULPOS/application:1c0060d6 00000008 T pi_fs_close	/home/taozhi/gap/gap_sdk/rtos/pmsis/pmsis_bsp/fs/fs.c:80
/home/taozhi/tf2/BUILD/GAP8_V2/GCC_RISCV_PULPOS/application:1c0060ce 00000008 T pi_fs_open	/home/taozhi/gap/gap_sdk/rtos/pmsis/pmsis_bsp/fs/fs.c:74
/home/taozhi/tf2/BUILD/GAP8_V2/GCC_RISCV_PULPOS/application:1c0060de 00000008 T pi_fs_read_async	/home/taozhi/gap/gap_sdk/rtos/pmsis/pmsis_bsp/fs/fs.c:85
/home/taozhi/tf2/BUILD/GAP8_V2/GCC_RISCV_PULPOS/application:1c006144 00000008 T pi_fs_seek	/home/taozhi/gap/gap_sdk/rtos/pmsis/pmsis_bsp/fs/fs.c:150
/home/taozhi/tf2/BUILD/GAP8_V2/GCC_RISCV_PULPOS/application:1c0060c6 00000008 T pi_fs_unmount	/home/taozhi/gap/gap_sdk/rtos/pmsis/pmsis_bsp/fs/fs.c:68
/home/taozhi/tf2/BUILD/GAP8_V2/GCC_RISCV_PULPOS/application:1c00610c 00000008 T pi_fs_write_async	/home/taozhi/gap/gap_sdk/rtos/pmsis/pmsis_bsp/fs/fs.c:98
/home/taozhi/tf2/BUILD/GAP8_V2/GCC_RISCV_PULPOS/application:1c00cbe0 00000008 B __rt_freq_domains
/home/taozhi/tf2/BUILD/GAP8_V2/GCC_RISCV_PULPOS/application:1c00a3c8 00000008 T __rt_hyper_resume_emu_task	/home/taozhi/gap/gap_sdk/gap8/rtos/pulp/pulp-os/drivers/hyper/hyperram-v1.c:980
/home/taozhi/tf2/BUILD/GAP8_V2/GCC_RISCV_PULPOS/application:000002b0 00000008 D __rt_socevents_status
/home/taozhi/tf2/BUILD/GAP8_V2/GCC_RISCV_PULPOS/application:1c00cbb8 00000008 b __rt_spim_open_count	/home/taozhi/gap/gap_sdk/gap8/rtos/pulp/pulp-os/drivers_deprecated/spim/spim-v2.c:26
/home/taozhi/tf2/BUILD/GAP8_V2/GCC_RISCV_PULPOS/application:1c00acf4 0000000a T abort	/home/taozhi/gap/gap_sdk/gap8/rtos/pulp/pulp-os/libs/io/io.c:739
/home/taozhi/tf2/BUILD/GAP8_V2/GCC_RISCV_PULPOS/application:1c008174 0000000a T bsp_hyperflash_conf_init	/home/taozhi/gap/gap_sdk/rtos/pmsis/pmsis_bsp/bsp/ai_deck.c:58
/home/taozhi/tf2/BUILD/GAP8_V2/GCC_RISCV_PULPOS/application:1c00613a 0000000a T pi_fs_copy_async	/home/taozhi/gap/gap_sdk/rtos/pmsis/pmsis_bsp/fs/fs.c:124
/home/taozhi/tf2/BUILD/GAP8_V2/GCC_RISCV_PULPOS/application:1c007352 0000000a T pi_partition_get_flash_offset	/home/taozhi/gap/gap_sdk/rtos/pmsis/pmsis_bsp/partition/partition.c:38
/home/taozhi/tf2/BUILD/GAP8_V2/GCC_RISCV_PULPOS/application:1c00a48e 0000000a T rt_extern_alloc_deinit	/home/taozhi/gap/gap_sdk/gap8/rtos/pulp/pulp-os/kernel/alloc_extern.c:129
/home/taozhi/tf2/BUILD/GAP8_V2/GCC_RISCV_PULPOS/application:1c00a5fa 0000000a T __rt_himax_init	/home/taozhi/gap/gap_sdk/gap8/rtos/pulp/pulp-os/drivers_deprecated/camera/himax.c:400
/home/taozhi/tf2/BUILD/GAP8_V2/GCC_RISCV_PULPOS/application:1c00c8f0 0000000c b cluster_dev	/home/taozhi/tf2/application.c:17
/home/taozhi/tf2/BUILD/GAP8_V2/GCC_RISCV_PULPOS/application:1c008c5a 0000000c T pi_cl_l1_free	/home/taozhi/gap/gap_sdk/gap8/rtos/pulp/pulp-os/kernel/alloc.c:587
/home/taozhi/tf2/BUILD/GAP8_V2/GCC_RISCV_PULPOS/application:1c006048 0000000c T pi_flash_open	/home/taozhi/gap/gap_sdk/rtos/pmsis/pmsis_bsp/flash/flash.c:24
/home/taozhi/tf2/BUILD/GAP8_V2/GCC_RISCV_PULPOS/application:1c0067c8 0000000c t __pi_host_fs_mount	/home/taozhi/gap/gap_sdk/rtos/pmsis/pmsis_bsp/fs/host_fs/host_fs.c:34
/home/taozhi/tf2/BUILD/GAP8_V2/GCC_RISCV_PULPOS/application:00000004 0000000c D __rt_cluster_pool
/home/taozhi/tf2/BUILD/GAP8_V2/GCC_RISCV_PULPOS/application:1c00a42a 0000000c T __rt_padframe_init	/home/taozhi/gap/gap_sdk/gap8/rtos/pulp/pulp-os/drivers_deprecated/pads/pads-v1.c:58
/home/taozhi/tf2/BUILD/GAP8_V2/GCC_RISCV_PULPOS/application:1c00817e 0000000e T bsp_hyperflash_open
/home/taozhi/tf2/BUILD/GAP8_V2/GCC_RISCV_PULPOS/application:1c0069a2 0000000e t hyperflash_ioctl	/home/taozhi/gap/gap_sdk/rtos/pmsis/pmsis_bsp/flash/hyperflash/hyperflash.c:285
/home/taozhi/tf2/BUILD/GAP8_V2/GCC_RISCV_PULPOS/application:1c0069b0 0000000e t hyperflash_set_reg_exec	/home/taozhi/gap/gap_sdk/rtos/pmsis/pmsis_bsp/flash/hyperflash/hyperflash.c:94
/home/taozhi/tf2/BUILD/GAP8_V2/GCC_RISCV_PULPOS/application:1c0080a2 0000000e t __internal_semihost	/home/taozhi/gap/gap_sdk/rtos/pmsis/pmsis_bsp/fs/host_fs/semihost.h:75
/home/taozhi/tf2/BUILD/GAP8_V2/GCC_RISCV_PULPOS/application:1c008c66 0000000e T pi_l2_malloc	/home/taozhi/gap/gap_sdk/gap8/rtos/pulp/pulp-os/kernel/alloc.c:595
/home/taozhi/tf2/BUILD/GAP8_V2/GCC_RISCV_PULPOS/application:1c00a628 0000000e t __rt_io_end_of_flush	/home/taozhi/gap/gap_sdk/gap8/rtos/pulp/pulp-os/libs/io/io.c:366
/home/taozhi/tf2/BUILD/GAP8_V2/GCC_RISCV_PULPOS/application:1c00aa34 00000010 T memset	/home/taozhi/gap/gap_sdk/gap8/rtos/pulp/pulp-os/libs/io/io.c:150
/home/taozhi/tf2/BUILD/GAP8_V2/GCC_RISCV_PULPOS/application:1c009cb8 00000010 T pi_hyper_conf_init	/home/taozhi/gap/gap_sdk/gap8/rtos/pulp/pulp-os/drivers/hyper/hyperram-v1.c:200
/home/taozhi/tf2/BUILD/GAP8_V2/GCC_RISCV_PULPOS/application:1c008c74 00000010 T pi_l2_free	/home/taozhi/gap/gap_sdk/gap8/rtos/pulp/pulp-os/kernel/alloc.c:600
/home/taozhi/tf2/BUILD/GAP8_V2/GCC_RISCV_PULPOS/application:1c006192 00000010 t __pi_read_fs_seek	/home/taozhi/gap/gap_sdk/rtos/pmsis/pmsis_bsp/fs/read_fs/read_fs.c:517
/home/taozhi/tf2/BUILD/GAP8_V2/GCC_RISCV_PULPOS/application:1c00c84c 00000010 D PMUState
/home/taozhi/tf2/BUILD/GAP8_V2/GCC_RISCV_PULPOS/application:1b000bbc 00000010 d __rt_io_fc_lock	/home/taozhi/gap/gap_sdk/gap8/rtos/pulp/pulp-os/libs/io/io.c:35
/home/taozhi/tf2/BUILD/GAP8_V2/GCC_RISCV_PULPOS/application:1c00c728 00000010 V __rt_padframe_default	/home/taozhi/gap/gap_sdk/gap8/rtos/pulp/pulp-os/drivers_deprecated/pads/pads-v1.c:28
/home/taozhi/tf2/BUILD/GAP8_V2/GCC_RISCV_PULPOS/application:1c00c738 00000010 V __rt_padframe_hyper	/home/taozhi/gap/gap_sdk/gap8/rtos/pulp/pulp-os/drivers_deprecated/pads/pads-v1.c:30
/home/taozhi/tf2/BUILD/GAP8_V2/GCC_RISCV_PULPOS/application:1c00c748 00000010 V __rt_padframe_hyper_gpio	/home/taozhi/gap/gap_sdk/gap8/rtos/pulp/pulp-os/drivers_deprecated/pads/pads-v1.c:32
/home/taozhi/tf2/BUILD/GAP8_V2/GCC_RISCV_PULPOS/application:1c00cb7c 00000010 b __rt_uart	/home/taozhi/gap/gap_sdk/gap8/rtos/pulp/pulp-os/drivers_deprecated/uart/uart.c:43
/home/taozhi/tf2/BUILD/GAP8_V2/GCC_RISCV_PULPOS/application:1c00babe 00000010 T rt_uart_conf_init
/home/taozhi/tf2/BUILD/GAP8_V2/GCC_RISCV_PULPOS/application:1c006088 00000012 T pi_fs_conf_init	/home/taozhi/gap/gap_sdk/rtos/pmsis/pmsis_bsp/fs/fs.c:26
/home/taozhi/tf2/BUILD/GAP8_V2/GCC_RISCV_PULPOS/application:1c009570 00000012 T __rt_fll_init	/home/taozhi/gap/gap_sdk/gap8/rtos/pulp/pulp-os/kernel/gap/pmu_driver.c:871
/home/taozhi/tf2/BUILD/GAP8_V2/GCC_RISCV_PULPOS/application:1c00a604 00000012 T __rt_rtc_init	/home/taozhi/gap/gap_sdk/gap8/rtos/pulp/pulp-os/drivers_deprecated/dolphin/rtc.c:414
/home/taozhi/tf2/BUILD/GAP8_V2/GCC_RISCV_PULPOS/application:1c00a616 00000012 T __rt_spim_init	/home/taozhi/gap/gap_sdk/gap8/rtos/pulp/pulp-os/drivers_deprecated/spim/spim-v2.c:446
/home/taozhi/tf2/BUILD/GAP8_V2/GCC_RISCV_PULPOS/application:1c009bf6 00000014 t l2_memcpy	/home/taozhi/gap/gap_sdk/gap8/rtos/pulp/pulp-os/drivers/hyper/hyperram-v1.c:897
/home/taozhi/tf2/BUILD/GAP8_V2/GCC_RISCV_PULPOS/application:1c008a6c 00000014 T __rt_event_sched_init	/home/taozhi/gap/gap_sdk/gap8/rtos/pulp/pulp-os/kernel/events.c:264
/home/taozhi/tf2/BUILD/GAP8_V2/GCC_RISCV_PULPOS/application:0000001c 00000014 D __rt_sched
/home/taozhi/tf2/BUILD/GAP8_V2/GCC_RISCV_PULPOS/application:1c00811e 00000014 T semihost_seek	/home/taozhi/gap/gap_sdk/rtos/pmsis/pmsis_bsp/fs/host_fs/semihost.c:36
/home/taozhi/tf2/BUILD/GAP8_V2/GCC_RISCV_PULPOS/application:1c00a9ea 00000014 T strcmp	/home/taozhi/gap/gap_sdk/gap8/rtos/pulp/pulp-os/libs/io/io.c:97
/home/taozhi/tf2/BUILD/GAP8_V2/GCC_RISCV_PULPOS/application:1c009fb8 00000016 T pi_hyper_read_async	/home/taozhi/gap/gap_sdk/gap8/rtos/pulp/pulp-os/drivers/hyper/hyperram-v1.c:380
/home/taozhi/tf2/BUILD/GAP8_V2/GCC_RISCV_PULPOS/application:1c00aa1e 00000016 T strlen	/home/taozhi/gap/gap_sdk/gap8/rtos/pulp/pulp-os/libs/io/io.c:124
/home/taozhi/tf2/BUILD/GAP8_V2/GCC_RISCV_PULPOS/application:1b000ba0 00000018 d cbsys_first	/home/taozhi/gap/gap_sdk/gap8/rtos/pulp/pulp-os/kernel/utils.c:30
/home/taozhi/tf2/BUILD/GAP8_V2/GCC_RISCV_PULPOS/application:1c00c8fc 00000018 b conf	/home/taozhi/tf2/application.c:18
/home/taozhi/tf2/BUILD/GAP8_V2/GCC_RISCV_PULPOS/application:1c00c3c8 00000018 r FractionExpLUT	/home/taozhi/gap/gap_sdk/tools/autotiler_v3/CNN_Libraries_SQ8/CNN_SoftMax_SQ8.c:48
/home/taozhi/tf2/BUILD/GAP8_V2/GCC_RISCV_PULPOS/application:1c006a86 00000018 t hyperflash_copy_2d_async
/home/taozhi/tf2/BUILD/GAP8_V2/GCC_RISCV_PULPOS/application:1c00c3e0 00000018 r IntegerExpLUT	/home/taozhi/gap/gap_sdk/tools/autotiler_v3/CNN_Libraries_SQ8/CNN_SoftMax_SQ8.c:43
/home/taozhi/tf2/BUILD/GAP8_V2/GCC_RISCV_PULPOS/application:1c00a3b0 00000018 T pi_hyper_read_2d_async	/home/taozhi/gap/gap_sdk/gap8/rtos/pulp/pulp-os/drivers/hyper/hyperram-v1.c:420
/home/taozhi/tf2/BUILD/GAP8_V2/GCC_RISCV_PULPOS/application:1c009ff0 00000018 T pi_hyper_write_async	/home/taozhi/gap/gap_sdk/gap8/rtos/pulp/pulp-os/drivers/hyper/hyperram-v1.c:400
/home/taozhi/tf2/BUILD/GAP8_V2/GCC_RISCV_PULPOS/application:1c0061fa 00000018 t __pi_read_fs_copy_2d_async	/home/taozhi/gap/gap_sdk/rtos/pmsis/pmsis_bsp/fs/read_fs/read_fs.c:657
/home/taozhi/tf2/BUILD/GAP8_V2/GCC_RISCV_PULPOS/application:1c0061e2 00000018 t __pi_read_fs_copy_async	/home/taozhi/gap/gap_sdk/rtos/pmsis/pmsis_bsp/fs/read_fs/read_fs.c:648
/home/taozhi/tf2/BUILD/GAP8_V2/GCC_RISCV_PULPOS/application:1c00c758 00000018 V __rt_padframe_profiles
/home/taozhi/tf2/BUILD/GAP8_V2/GCC_RISCV_PULPOS/application:1c008c84 00000018 t __rt_time_poweroff	/home/taozhi/gap/gap_sdk/gap8/rtos/pulp/pulp-os/kernel/time.c:28
/home/taozhi/tf2/BUILD/GAP8_V2/GCC_RISCV_PULPOS/application:1c008c9c 00000018 t __rt_time_poweron	/home/taozhi/gap/gap_sdk/gap8/rtos/pulp/pulp-os/kernel/time.c:37
/home/taozhi/tf2/BUILD/GAP8_V2/GCC_RISCV_PULPOS/application:1c0088d4 00000018 T __rt_wait_event_prepare_blocking	/home/taozhi/gap/gap_sdk/gap8/rtos/pulp/pulp-os/kernel/events.c:42
/home/taozhi/tf2/BUILD/GAP8_V2/GCC_RISCV_PULPOS/application:1c00ac06 0000001a T fputc_locked
/home/taozhi/tf2/BUILD/GAP8_V2/GCC_RISCV_PULPOS/application:1c006f26 0000001a t hyperflash_copy_async	/home/taozhi/gap/gap_sdk/rtos/pmsis/pmsis_bsp/flash/hyperflash/hyperflash.c:844
/home/taozhi/tf2/BUILD/GAP8_V2/GCC_RISCV_PULPOS/application:1c008962 0000001a T rt_event_get	/home/taozhi/gap/gap_sdk/gap8/rtos/pulp/pulp-os/kernel/events.c:105
/home/taozhi/tf2/BUILD/GAP8_V2/GCC_RISCV_PULPOS/application:1c008a52 0000001a T rt_event_wait	/home/taozhi/gap/gap_sdk/gap8/rtos/pulp/pulp-os/kernel/events.c:257
/home/taozhi/tf2/BUILD/GAP8_V2/GCC_RISCV_PULPOS/application:1c00aa7a 0000001a T strchr	/home/taozhi/gap/gap_sdk/gap8/rtos/pulp/pulp-os/libs/io/io.c:278
/home/taozhi/tf2/BUILD/GAP8_V2/GCC_RISCV_PULPOS/application:1c00c914 0000001c b HyperFlash	/home/taozhi/tf2/BUILD_MODEL_SQ8BIT/mnistKernels.c:4
/home/taozhi/tf2/BUILD/GAP8_V2/GCC_RISCV_PULPOS/application:1c00690e 0000001c t __pi_host_fs_close	/home/taozhi/gap/gap_sdk/rtos/pmsis/pmsis_bsp/fs/host_fs/host_fs.c:67
/home/taozhi/tf2/BUILD/GAP8_V2/GCC_RISCV_PULPOS/application:1c006986 0000001c t __rt_event_enqueue	/home/taozhi/gap/gap_sdk/install/GAP8_V2/include/rt/rt_event.h:397
/home/taozhi/tf2/BUILD/GAP8_V2/GCC_RISCV_PULPOS/application:1c008616 0000001c t __rt_event_enqueue	/home/taozhi/gap/gap_sdk/install/GAP8_V2/include/rt/rt_event.h:397
/home/taozhi/tf2/BUILD/GAP8_V2/GCC_RISCV_PULPOS/application:1c0080e6 0000001c T semihost_read	/home/taozhi/gap/gap_sdk/rtos/pmsis/pmsis_bsp/fs/host_fs/semihost.c:24
/home/taozhi/tf2/BUILD/GAP8_V2/GCC_RISCV_PULPOS/application:1c008102 0000001c T semihost_write	/home/taozhi/gap/gap_sdk/rtos/pmsis/pmsis_bsp/fs/host_fs/semihost.c:30
/home/taozhi/tf2/BUILD/GAP8_V2/GCC_RISCV_PULPOS/application:1c006f40 0000001e t hyperflash_close	/home/taozhi/gap/gap_sdk/rtos/pmsis/pmsis_bsp/flash/hyperflash/hyperflash.c:276
/home/taozhi/tf2/BUILD/GAP8_V2/GCC_RISCV_PULPOS/application:1c009bd8 0000001e T pi_pad_init	/home/taozhi/gap/gap_sdk/gap8/rtos/pulp/pulp-os/drivers/pads/pads-v1.c:31
/home/taozhi/tf2/BUILD/GAP8_V2/GCC_RISCV_PULPOS/application:1c00875c 0000001e T __rt_bridge_set_available	/home/taozhi/gap/gap_sdk/gap8/rtos/pulp/pulp-os/kernel/bridge.c:725
/home/taozhi/tf2/BUILD/GAP8_V2/GCC_RISCV_PULPOS/application:10000020 00000020 d Reduct.17332
/home/taozhi/tf2/BUILD/GAP8_V2/GCC_RISCV_PULPOS/application:10000040 00000020 d Reduct.17374
/home/taozhi/tf2/BUILD/GAP8_V2/GCC_RISCV_PULPOS/application:10000060 00000020 d Reduct.17415
/home/taozhi/tf2/BUILD/GAP8_V2/GCC_RISCV_PULPOS/application:1c00ae2e 00000020 t _rlrshift	/home/taozhi/gap/gap_sdk/gap8/rtos/pulp/pulp-os/libs/io/prf.c:122
/home/taozhi/tf2/BUILD/GAP8_V2/GCC_RISCV_PULPOS/application:1c008632 00000020 t __rt_bridge_check_bridge_req.part.5	/home/taozhi/gap/gap_sdk/gap8/rtos/pulp/pulp-os/kernel/bridge.c:638
/home/taozhi/tf2/BUILD/GAP8_V2/GCC_RISCV_PULPOS/application:1c00a722 00000020 t rt_event_execute.isra.4.constprop.12	/home/taozhi/gap/gap_sdk/gap8/rtos/pulp/pulp-os/libs/io/io.c:795
/home/taozhi/tf2/BUILD/GAP8_V2/GCC_RISCV_PULPOS/application:1c008a82 00000020 T rt_user_alloc_init	/home/taozhi/gap/gap_sdk/gap8/rtos/pulp/pulp-os/kernel/alloc.c:193
/home/taozhi/tf2/BUILD/GAP8_V2/GCC_RISCV_PULPOS/application:1c00a9fe 00000020 T strncmp	/home/taozhi/gap/gap_sdk/gap8/rtos/pulp/pulp-os/libs/io/io.c:108
/home/taozhi/tf2/BUILD/GAP8_V2/GCC_RISCV_PULPOS/application:1c00722c 00000022 t hyperflash_erase	/home/taozhi/gap/gap_sdk/rtos/pmsis/pmsis_bsp/flash/hyperflash/hyperflash.c:899
/home/taozhi/tf2/BUILD/GAP8_V2/GCC_RISCV_PULPOS/application:1c00706a 00000022 t hyperflash_erase_chip	/home/taozhi/gap/gap_sdk/rtos/pmsis/pmsis_bsp/flash/hyperflash/hyperflash.c:883
/home/taozhi/tf2/BUILD/GAP8_V2/GCC_RISCV_PULPOS/application:1c007048 00000022 t hyperflash_erase_sector	/home/taozhi/gap/gap_sdk/rtos/pmsis/pmsis_bsp/flash/hyperflash/hyperflash.c:891
/home/taozhi/tf2/BUILD/GAP8_V2/GCC_RISCV_PULPOS/application:1c0070f2 00000022 t hyperflash_program	/home/taozhi/gap/gap_sdk/rtos/pmsis/pmsis_bsp/flash/hyperflash/hyperflash.c:875
/home/taozhi/tf2/BUILD/GAP8_V2/GCC_RISCV_PULPOS/application:1c00708c 00000022 t hyperflash_read	/home/taozhi/gap/gap_sdk/rtos/pmsis/pmsis_bsp/flash/hyperflash/hyperflash.c:866
/home/taozhi/tf2/BUILD/GAP8_V2/GCC_RISCV_PULPOS/application:1c0070ae 00000022 t hyperflash_reg_get	/home/taozhi/gap/gap_sdk/rtos/pmsis/pmsis_bsp/flash/hyperflash/hyperflash.c:916
/home/taozhi/tf2/BUILD/GAP8_V2/GCC_RISCV_PULPOS/application:1c0070d0 00000022 t hyperflash_reg_set	/home/taozhi/gap/gap_sdk/rtos/pmsis/pmsis_bsp/flash/hyperflash/hyperflash.c:908
/home/taozhi/tf2/BUILD/GAP8_V2/GCC_RISCV_PULPOS/application:1c009fce 00000022 T pi_hyper_read	/home/taozhi/gap/gap_sdk/gap8/rtos/pulp/pulp-os/drivers/hyper/hyperram-v1.c:390
/home/taozhi/tf2/BUILD/GAP8_V2/GCC_RISCV_PULPOS/application:1c00a008 00000022 T pi_hyper_write	/home/taozhi/gap/gap_sdk/gap8/rtos/pulp/pulp-os/drivers/hyper/hyperram-v1.c:411
/home/taozhi/tf2/BUILD/GAP8_V2/GCC_RISCV_PULPOS/application:1c00879c 00000022 T __rt_bridge_clear_notif	/home/taozhi/gap/gap_sdk/gap8/rtos/pulp/pulp-os/kernel/bridge.c:838
/home/taozhi/tf2/BUILD/GAP8_V2/GCC_RISCV_PULPOS/application:1c00877a 00000022 T __rt_bridge_send_notif	/home/taozhi/gap/gap_sdk/gap8/rtos/pulp/pulp-os/kernel/bridge.c:821
/home/taozhi/tf2/BUILD/GAP8_V2/GCC_RISCV_PULPOS/application:1c00897c 00000022 T rt_event_get_blocking	/home/taozhi/gap/gap_sdk/gap8/rtos/pulp/pulp-os/kernel/events.c:127
/home/taozhi/tf2/BUILD/GAP8_V2/GCC_RISCV_PULPOS/application:1c00b9c6 00000022 t __rt_uart_setfreq_after	/home/taozhi/gap/gap_sdk/gap8/rtos/pulp/pulp-os/drivers_deprecated/uart/uart.c:135
/home/taozhi/tf2/BUILD/GAP8_V2/GCC_RISCV_PULPOS/application:1c008520 00000022 T __rt_utils_init	/home/taozhi/gap/gap_sdk/gap8/rtos/pulp/pulp-os/kernel/utils.c:84
/home/taozhi/tf2/BUILD/GAP8_V2/GCC_RISCV_PULPOS/application:1c007536 00000024 T flash_partition_table_free	/home/taozhi/gap/gap_sdk/rtos/pmsis/pmsis_bsp/partition/flash_partition.c:221
/home/taozhi/tf2/BUILD/GAP8_V2/GCC_RISCV_PULPOS/application:1c0068a6 00000024 t __pi_host_fs_read_async	/home/taozhi/gap/gap_sdk/rtos/pmsis/pmsis_bsp/fs/host_fs/host_fs.c:74
/home/taozhi/tf2/BUILD/GAP8_V2/GCC_RISCV_PULPOS/application:1c008b94 00000024 T __rt_alloc_init_l1	/home/taozhi/gap/gap_sdk/gap8/rtos/pulp/pulp-os/kernel/alloc.c:445
/home/taozhi/tf2/BUILD/GAP8_V2/GCC_RISCV_PULPOS/application:1c006212 00000024 t rt_event_enqueue	/home/taozhi/gap/gap_sdk/install/GAP8_V2/include/rt/rt_event.h:411
/home/taozhi/tf2/BUILD/GAP8_V2/GCC_RISCV_PULPOS/application:1c0067d6 00000024 t rt_event_enqueue	/home/taozhi/gap/gap_sdk/install/GAP8_V2/include/rt/rt_event.h:411
/home/taozhi/tf2/BUILD/GAP8_V2/GCC_RISCV_PULPOS/application:1c009c0a 00000024 t rt_event_enqueue	/home/taozhi/gap/gap_sdk/install/GAP8_V2/include/rt/rt_event.h:411
/home/taozhi/tf2/BUILD/GAP8_V2/GCC_RISCV_PULPOS/application:1c00899e 00000024 T rt_event_push	/home/taozhi/gap/gap_sdk/gap8/rtos/pulp/pulp-os/kernel/events.c:139
/home/taozhi/tf2/BUILD/GAP8_V2/GCC_RISCV_PULPOS/application:1c008d2e 00000024 T rt_time_wait_us	/home/taozhi/gap/gap_sdk/gap8/rtos/pulp/pulp-os/kernel/time.c:124
/home/taozhi/tf2/BUILD/GAP8_V2/GCC_RISCV_PULPOS/application:1c00b9a2 00000024 t __rt_uart_setup.isra.5	/home/taozhi/gap/gap_sdk/gap8/rtos/pulp/pulp-os/drivers_deprecated/uart/uart.c:222
/home/taozhi/tf2/BUILD/GAP8_V2/GCC_RISCV_PULPOS/application:1c00818c 00000026 t cluster_start	/home/taozhi/gap/gap_sdk/gap8/rtos/pulp/pulp-os/kernel/init.c:198
/home/taozhi/tf2/BUILD/GAP8_V2/GCC_RISCV_PULPOS/application:1c0060e6 00000026 T pi_fs_read	/home/taozhi/gap/gap_sdk/rtos/pmsis/pmsis_bsp/fs/fs.c:90
/home/taozhi/tf2/BUILD/GAP8_V2/GCC_RISCV_PULPOS/application:1c006114 00000026 T pi_fs_write	/home/taozhi/gap/gap_sdk/rtos/pmsis/pmsis_bsp/fs/fs.c:103
/home/taozhi/tf2/BUILD/GAP8_V2/GCC_RISCV_PULPOS/application:1c00b97c 00000026 T __rt_uart_cluster_req_done	/home/taozhi/gap/gap_sdk/gap8/rtos/pulp/pulp-os/drivers_deprecated/uart/uart.c:253
/home/taozhi/tf2/BUILD/GAP8_V2/GCC_RISCV_PULPOS/application:1c00916c 00000026 t soc_eu_fcEventMask_setEvent	/home/taozhi/gap/gap_sdk/install/GAP8_V2/include/hal/soc_eu/soc_eu_v1.h:60
/home/taozhi/tf2/BUILD/GAP8_V2/GCC_RISCV_PULPOS/application:1c00ba98 00000026 t soc_eu_fcEventMask_setEvent	/home/taozhi/gap/gap_sdk/install/GAP8_V2/include/hal/soc_eu/soc_eu_v1.h:60
/home/taozhi/tf2/BUILD/GAP8_V2/GCC_RISCV_PULPOS/application:1c00c6ac 00000028 D __pi_host_fs_api
/home/taozhi/tf2/BUILD/GAP8_V2/GCC_RISCV_PULPOS/application:1c00687e 00000028 t __pi_host_fs_write_async	/home/taozhi/gap/gap_sdk/rtos/pmsis/pmsis_bsp/fs/host_fs/host_fs.c:100
/home/taozhi/tf2/BUILD/GAP8_V2/GCC_RISCV_PULPOS/application:1c00c684 00000028 D __pi_read_fs_api
/home/taozhi/tf2/BUILD/GAP8_V2/GCC_RISCV_PULPOS/application:1c00ac56 00000028 T _prf_locked	/home/taozhi/gap/gap_sdk/gap8/rtos/pulp/pulp-os/libs/io/io.c:626
/home/taozhi/tf2/BUILD/GAP8_V2/GCC_RISCV_PULPOS/application:1c00831a 00000028 T __rt_deinit	/home/taozhi/gap/gap_sdk/gap8/rtos/pulp/pulp-os/kernel/init.c:163
/home/taozhi/tf2/BUILD/GAP8_V2/GCC_RISCV_PULPOS/application:1c0088ac 00000028 T __rt_event_init	/home/taozhi/gap/gap_sdk/gap8/rtos/pulp/pulp-os/kernel/events.c:32
/home/taozhi/tf2/BUILD/GAP8_V2/GCC_RISCV_PULPOS/application:1c00cbf0 00000028 B __rt_fc_cluster_data
/home/taozhi/tf2/BUILD/GAP8_V2/GCC_RISCV_PULPOS/application:1c00a9c2 00000028 t __rt_io_stop	/home/taozhi/gap/gap_sdk/gap8/rtos/pulp/pulp-os/libs/io/io.c:769
/home/taozhi/tf2/BUILD/GAP8_V2/GCC_RISCV_PULPOS/application:1c00a402 00000028 T rt_padframe_set	/home/taozhi/gap/gap_sdk/gap8/rtos/pulp/pulp-os/drivers_deprecated/pads/pads-v1.c:77
/home/taozhi/tf2/BUILD/GAP8_V2/GCC_RISCV_PULPOS/application:000002b8 00000028 D __rt_udma_extra_callback
/home/taozhi/tf2/BUILD/GAP8_V2/GCC_RISCV_PULPOS/application:000002e0 00000028 D __rt_udma_extra_callback_arg
/home/taozhi/tf2/BUILD/GAP8_V2/GCC_RISCV_PULPOS/application:1c00701e 0000002a t hyperflash_copy_2d	/home/taozhi/gap/gap_sdk/rtos/pmsis/pmsis_bsp/flash/hyperflash/hyperflash.c:934
/home/taozhi/tf2/BUILD/GAP8_V2/GCC_RISCV_PULPOS/application:1c008bb8 0000002a T __rt_alloc_init_l1_for_fc	/home/taozhi/gap/gap_sdk/gap8/rtos/pulp/pulp-os/kernel/alloc.c:452
/home/taozhi/tf2/BUILD/GAP8_V2/GCC_RISCV_PULPOS/application:1c00a552 0000002a t __rt_i2s_setfreq_after	/home/taozhi/gap/gap_sdk/gap8/rtos/pulp/pulp-os/drivers_deprecated/i2s/i2s-v1.c:235
/home/taozhi/tf2/BUILD/GAP8_V2/GCC_RISCV_PULPOS/application:1c0080b6 0000002a T semihost_open	/home/taozhi/gap/gap_sdk/rtos/pmsis/pmsis_bsp/fs/host_fs/semihost.c:11
/home/taozhi/tf2/BUILD/GAP8_V2/GCC_RISCV_PULPOS/application:1c007114 0000002c t hyperflash_copy	/home/taozhi/gap/gap_sdk/rtos/pmsis/pmsis_bsp/flash/hyperflash/hyperflash.c:924
/home/taozhi/tf2/BUILD/GAP8_V2/GCC_RISCV_PULPOS/application:1c00609a 0000002c T pi_fs_mount	/home/taozhi/gap/gap_sdk/rtos/pmsis/pmsis_bsp/fs/fs.c:40
/home/taozhi/tf2/BUILD/GAP8_V2/GCC_RISCV_PULPOS/application:1c009c8c 0000002c T __pi_hyper_pin_reset_settings	/home/taozhi/gap/gap_sdk/gap8/rtos/pulp/pulp-os/drivers/hyper/hyperram-v1.c:189
/home/taozhi/tf2/BUILD/GAP8_V2/GCC_RISCV_PULPOS/application:1c009c60 0000002c T __pi_hyper_pin_settings	/home/taozhi/gap/gap_sdk/gap8/rtos/pulp/pulp-os/drivers/hyper/hyperram-v1.c:181
/home/taozhi/tf2/BUILD/GAP8_V2/GCC_RISCV_PULPOS/application:1c00ad70 0000002c T printf	/home/taozhi/gap/gap_sdk/gap8/rtos/pulp/pulp-os/libs/io/fprintf.c:41
/home/taozhi/tf2/BUILD/GAP8_V2/GCC_RISCV_PULPOS/application:1c00abda 0000002c T puts	/home/taozhi/gap/gap_sdk/gap8/rtos/pulp/pulp-os/libs/io/io.c:576
/home/taozhi/tf2/BUILD/GAP8_V2/GCC_RISCV_PULPOS/application:1c00a57c 0000002c t __rt_i2s_setfreq_before	/home/taozhi/gap/gap_sdk/gap8/rtos/pulp/pulp-os/drivers_deprecated/i2s/i2s-v1.c:219
/home/taozhi/tf2/BUILD/GAP8_V2/GCC_RISCV_PULPOS/application:1c00c9b8 0000002c b __rt_pulpos_emu_global_cluster_task	/home/taozhi/gap/gap_sdk/gap8/rtos/pulp/pulp-os/kernel/pulpos_emu.c:26
/home/taozhi/tf2/BUILD/GAP8_V2/GCC_RISCV_PULPOS/application:1c00ba2a 0000002c t __rt_uart_setfreq_before	/home/taozhi/gap/gap_sdk/gap8/rtos/pulp/pulp-os/drivers_deprecated/uart/uart.c:102
/home/taozhi/tf2/BUILD/GAP8_V2/GCC_RISCV_PULPOS/application:1c008a26 0000002c T __rt_wait_event	/home/taozhi/gap/gap_sdk/gap8/rtos/pulp/pulp-os/kernel/events.c:247
/home/taozhi/tf2/BUILD/GAP8_V2/GCC_RISCV_PULPOS/application:1c009140 0000002c t SetFllMultDivFactors
/home/taozhi/tf2/BUILD/GAP8_V2/GCC_RISCV_PULPOS/application:1c008b66 0000002e T rt_free
/home/taozhi/tf2/BUILD/GAP8_V2/GCC_RISCV_PULPOS/application:1c00a3d4 0000002e t __rt_hyper_init	/home/taozhi/gap/gap_sdk/gap8/rtos/pulp/pulp-os/drivers/hyper/hyperram-v1.c:995
/home/taozhi/tf2/BUILD/GAP8_V2/GCC_RISCV_PULPOS/application:1c00ac20 00000030 T fputc	/home/taozhi/gap/gap_sdk/gap8/rtos/pulp/pulp-os/libs/io/io.c:603
/home/taozhi/tf2/BUILD/GAP8_V2/GCC_RISCV_PULPOS/application:1c00724e 00000030 t hyperflash_get_status_reg	/home/taozhi/gap/gap_sdk/rtos/pmsis/pmsis_bsp/flash/hyperflash/hyperflash.c:184
/home/taozhi/tf2/BUILD/GAP8_V2/GCC_RISCV_PULPOS/application:1c008b36 00000030 T rt_alloc
/home/taozhi/tf2/BUILD/GAP8_V2/GCC_RISCV_PULPOS/application:1c0084f0 00000030 T __rt_cbsys_exec	/home/taozhi/gap/gap_sdk/gap8/rtos/pulp/pulp-os/kernel/utils.c:71
/home/taozhi/tf2/BUILD/GAP8_V2/GCC_RISCV_PULPOS/application:1c007e9c 00000032 T MD5_Init	/home/taozhi/gap/gap_sdk/rtos/pmsis/pmsis_bsp/crc/md5.c:207
/home/taozhi/tf2/BUILD/GAP8_V2/GCC_RISCV_PULPOS/application:1c00985a 00000032 T pi_cluster_close	/home/taozhi/gap/gap_sdk/gap8/rtos/pulp/pulp-os/kernel/cluster.c:370
/home/taozhi/tf2/BUILD/GAP8_V2/GCC_RISCV_PULPOS/application:1c007320 00000032 T pi_hyperflash_conf_init	/home/taozhi/gap/gap_sdk/rtos/pmsis/pmsis_bsp/flash/hyperflash/hyperflash.c:970
/home/taozhi/tf2/BUILD/GAP8_V2/GCC_RISCV_PULPOS/application:1c006056 00000032 t pi_task_wait_on.isra.3	/home/taozhi/gap/gap_sdk/rtos/pmsis/pmsis_bsp/fs/fs.c:148
/home/taozhi/tf2/BUILD/GAP8_V2/GCC_RISCV_PULPOS/application:1c006fec 00000032 t pi_task_wait_on.isra.3	/home/taozhi/gap/gap_sdk/rtos/pmsis/pmsis_bsp/flash/hyperflash/hyperflash.c:219
/home/taozhi/tf2/BUILD/GAP8_V2/GCC_RISCV_PULPOS/application:1c009c2e 00000032 t pi_task_wait_on.isra.4	/home/taozhi/gap/gap_sdk/gap8/rtos/pulp/pulp-os/drivers/hyper/hyperram-v1.c:1039
/home/taozhi/tf2/BUILD/GAP8_V2/GCC_RISCV_PULPOS/application:1c008542 00000032 T __rt_fc_lock	/home/taozhi/gap/gap_sdk/gap8/rtos/pulp/pulp-os/kernel/utils.c:92
/home/taozhi/tf2/BUILD/GAP8_V2/GCC_RISCV_PULPOS/application:00000358 00000034 D dev_rtc	/home/taozhi/gap/gap_sdk/gap8/rtos/pulp/pulp-os/drivers_deprecated/dolphin/rtc.c:24
/home/taozhi/tf2/BUILD/GAP8_V2/GCC_RISCV_PULPOS/application:1c00ae92 00000034 t _get_digit	/home/taozhi/gap/gap_sdk/gap8/rtos/pulp/pulp-os/libs/io/prf.c:167
/home/taozhi/tf2/BUILD/GAP8_V2/GCC_RISCV_PULPOS/application:1c00c548 00000034 r __hyper_pad	/home/taozhi/gap/gap_sdk/gap8/rtos/pulp/pulp-os/drivers/hyper/hyperram-v1.c:164
/home/taozhi/tf2/BUILD/GAP8_V2/GCC_RISCV_PULPOS/application:1c009ba4 00000034 T pi_pad_set_function	/home/taozhi/gap/gap_sdk/gap8/rtos/pulp/pulp-os/drivers/pads/pads-v1.c:24
/home/taozhi/tf2/BUILD/GAP8_V2/GCC_RISCV_PULPOS/application:1c008878 00000034 T __rt_bridge_init	/home/taozhi/gap/gap_sdk/gap8/rtos/pulp/pulp-os/kernel/bridge.c:851
/home/taozhi/tf2/BUILD/GAP8_V2/GCC_RISCV_PULPOS/application:1c008574 00000034 T __rt_fc_unlock	/home/taozhi/gap/gap_sdk/gap8/rtos/pulp/pulp-os/kernel/utils.c:127
/home/taozhi/tf2/BUILD/GAP8_V2/GCC_RISCV_PULPOS/application:1c00a51e 00000034 t __rt_i2s_resume	/home/taozhi/gap/gap_sdk/gap8/rtos/pulp/pulp-os/drivers_deprecated/i2s/i2s-v1.c:186
/home/taozhi/tf2/BUILD/GAP8_V2/GCC_RISCV_PULPOS/application:1c00a7b2 00000034 t __rt_putc_host_cluster_req	/home/taozhi/gap/gap_sdk/gap8/rtos/pulp/pulp-os/libs/io/io.c:451
/home/taozhi/tf2/BUILD/GAP8_V2/GCC_RISCV_PULPOS/application:1c00bbaa 00000034 T rt_uart_cluster_write	/home/taozhi/gap/gap_sdk/gap8/rtos/pulp/pulp-os/drivers_deprecated/uart/uart.c:277
/home/taozhi/tf2/BUILD/GAP8_V2/GCC_RISCV_PULPOS/application:1c00aa44 00000036 T memcpy	/home/taozhi/gap/gap_sdk/gap8/rtos/pulp/pulp-os/libs/io/io.c:159
/home/taozhi/tf2/BUILD/GAP8_V2/GCC_RISCV_PULPOS/application:1c0085e0 00000036 T __rt_fc_cluster_unlock	/home/taozhi/gap/gap_sdk/gap8/rtos/pulp/pulp-os/kernel/utils.c:199
/home/taozhi/tf2/BUILD/GAP8_V2/GCC_RISCV_PULPOS/application:1c006236 00000038 t __pi_fs_free	/home/taozhi/gap/gap_sdk/rtos/pmsis/pmsis_bsp/fs/read_fs/read_fs.c:122
/home/taozhi/tf2/BUILD/GAP8_V2/GCC_RISCV_PULPOS/application:1c0085a8 00000038 T __rt_fc_cluster_lock	/home/taozhi/gap/gap_sdk/gap8/rtos/pulp/pulp-os/kernel/utils.c:189
/home/taozhi/tf2/BUILD/GAP8_V2/GCC_RISCV_PULPOS/application:1c008138 0000003c t __bsp_init_pads
/home/taozhi/tf2/BUILD/GAP8_V2/GCC_RISCV_PULPOS/application:1c0098fc 0000003c T __rt_cluster_new	/home/taozhi/gap/gap_sdk/gap8/rtos/pulp/pulp-os/kernel/cluster.c:445
/home/taozhi/tf2/BUILD/GAP8_V2/GCC_RISCV_PULPOS/application:1c009938 0000003c t __rt_cluster_pulpos_emu_init	/home/taozhi/gap/gap_sdk/gap8/rtos/pulp/pulp-os/kernel/pulpos_emu.c:29
/home/taozhi/tf2/BUILD/GAP8_V2/GCC_RISCV_PULPOS/application:1c00aaf2 0000003c T __rt_putc_uart	/home/taozhi/gap/gap_sdk/gap8/rtos/pulp/pulp-os/libs/io/io.c:412
/home/taozhi/tf2/BUILD/GAP8_V2/GCC_RISCV_PULPOS/application:1c006154 0000003e t __pi_read_fs_write	/home/taozhi/gap/gap_sdk/rtos/pmsis/pmsis_bsp/fs/read_fs/read_fs.c:499
/home/taozhi/tf2/BUILD/GAP8_V2/GCC_RISCV_PULPOS/application:1c0084b2 0000003e T __rt_cbsys_add	/home/taozhi/gap/gap_sdk/gap8/rtos/pulp/pulp-os/kernel/utils.c:57
/home/taozhi/tf2/BUILD/GAP8_V2/GCC_RISCV_PULPOS/application:1c009102 0000003e T __rt_freq_init	/home/taozhi/gap/gap_sdk/gap8/rtos/pulp/pulp-os/kernel/gap/freq.c:62
/home/taozhi/tf2/BUILD/GAP8_V2/GCC_RISCV_PULPOS/application:1c0069be 00000040 t hyperflash_stall_task	/home/taozhi/gap/gap_sdk/rtos/pmsis/pmsis_bsp/flash/hyperflash/hyperflash.c:489
/home/taozhi/tf2/BUILD/GAP8_V2/GCC_RISCV_PULPOS/application:1c0061a2 00000040 t __pi_read_fs_direct_read_async	/home/taozhi/gap/gap_sdk/rtos/pmsis/pmsis_bsp/fs/read_fs/read_fs.c:624
/home/taozhi/tf2/BUILD/GAP8_V2/GCC_RISCV_PULPOS/application:1c006788 00000040 t __pi_read_fs_read_async	/home/taozhi/gap/gap_sdk/rtos/pmsis/pmsis_bsp/fs/read_fs/read_fs.c:586
/home/taozhi/tf2/BUILD/GAP8_V2/GCC_RISCV_PULPOS/application:1c0071ea 00000042 t hyperflash_erase_async	/home/taozhi/gap/gap_sdk/rtos/pmsis/pmsis_bsp/flash/hyperflash/hyperflash.c:827
/home/taozhi/tf2/BUILD/GAP8_V2/GCC_RISCV_PULPOS/application:1c0068ca 00000042 t __pi_host_fs_copy_async	/home/taozhi/gap/gap_sdk/rtos/pmsis/pmsis_bsp/fs/host_fs/host_fs.c:115
/home/taozhi/tf2/BUILD/GAP8_V2/GCC_RISCV_PULPOS/application:1c0087be 00000042 T __rt_bridge_printf_flush
/home/taozhi/tf2/BUILD/GAP8_V2/GCC_RISCV_PULPOS/application:1c00a686 00000042 t __rt_do_putc_host	/home/taozhi/gap/gap_sdk/gap8/rtos/pulp/pulp-os/libs/io/io.c:430
/home/taozhi/tf2/BUILD/GAP8_V2/GCC_RISCV_PULPOS/application:1c00ba56 00000042 t __rt_uart_cluster_req	/home/taozhi/gap/gap_sdk/gap8/rtos/pulp/pulp-os/drivers_deprecated/uart/uart.c:266
/home/taozhi/tf2/BUILD/GAP8_V2/GCC_RISCV_PULPOS/application:1c00b9e8 00000042 t __rt_uart_wait_tx_done.isra.6	/home/taozhi/gap/gap_sdk/gap8/rtos/pulp/pulp-os/drivers_deprecated/uart/uart.c:222
/home/taozhi/tf2/BUILD/GAP8_V2/GCC_RISCV_PULPOS/application:1c009470 00000044 T InitFlls	/home/taozhi/gap/gap_sdk/gap8/rtos/pulp/pulp-os/kernel/gap/pmu_driver.c:858
/home/taozhi/tf2/BUILD/GAP8_V2/GCC_RISCV_PULPOS/application:1c00ae4e 00000044 t _ldiv5	/home/taozhi/gap/gap_sdk/gap8/rtos/pulp/pulp-os/libs/io/prf.c:143
/home/taozhi/tf2/BUILD/GAP8_V2/GCC_RISCV_PULPOS/application:1c009f1c 00000046 t __pi_hyper_copy_exec
/home/taozhi/tf2/BUILD/GAP8_V2/GCC_RISCV_PULPOS/application:1c008652 00000046 t __rt_bridge_wait
/home/taozhi/tf2/BUILD/GAP8_V2/GCC_RISCV_PULPOS/application:1c008aa2 00000048 T rt_user_alloc	/home/taozhi/gap/gap_sdk/gap8/rtos/pulp/pulp-os/kernel/alloc.c:207
/home/taozhi/tf2/BUILD/GAP8_V2/GCC_RISCV_PULPOS/application:1c009b5a 0000004a T pi_cluster_send_task_to_cl	/home/taozhi/gap/gap_sdk/gap8/rtos/pulp/pulp-os/kernel/cluster_call.c:149
/home/taozhi/tf2/BUILD/GAP8_V2/GCC_RISCV_PULPOS/application:1c0090b8 0000004a T rt_freq_set_and_get	/home/taozhi/gap/gap_sdk/gap8/rtos/pulp/pulp-os/kernel/gap/freq.c:30
/home/taozhi/tf2/BUILD/GAP8_V2/GCC_RISCV_PULPOS/application:1c008710 0000004c T __rt_bridge_check_connection
/home/taozhi/tf2/BUILD/GAP8_V2/GCC_RISCV_PULPOS/application:1c008346 0000004c T rt_irq_set_handler	/home/taozhi/gap/gap_sdk/gap8/rtos/pulp/pulp-os/kernel/irq.c:61
/home/taozhi/tf2/BUILD/GAP8_V2/GCC_RISCV_PULPOS/application:1c008aea 0000004c T rt_user_free	/home/taozhi/gap/gap_sdk/gap8/rtos/pulp/pulp-os/kernel/alloc.c:291
/home/taozhi/tf2/BUILD/GAP8_V2/GCC_RISCV_PULPOS/application:1c0048d8 0000004e t KerConv3x2from3x3Stride1_H_SQ8.isra.20	/home/taozhi/gap/gap_sdk/tools/autotiler_v3/CNN_Libraries_SQ8/CNN_Conv_SQ8.c:4940
/home/taozhi/tf2/BUILD/GAP8_V2/GCC_RISCV_PULPOS/application:1c0064be 0000004e t __pi_read_fs_close
/home/taozhi/tf2/BUILD/GAP8_V2/GCC_RISCV_PULPOS/application:1c00bb5c 0000004e T rt_uart_close	/home/taozhi/gap/gap_sdk/gap8/rtos/pulp/pulp-os/drivers_deprecated/uart/uart.c:228
/home/taozhi/tf2/BUILD/GAP8_V2/GCC_RISCV_PULPOS/application:1c0072d0 00000050 t hyperflash_check_program	/home/taozhi/gap/gap_sdk/rtos/pmsis/pmsis_bsp/flash/hyperflash/hyperflash.c:673
/home/taozhi/tf2/BUILD/GAP8_V2/GCC_RISCV_PULPOS/application:1c008394 00000050 T __rt_handle_illegal_instr	/home/taozhi/gap/gap_sdk/gap8/rtos/pulp/pulp-os/kernel/irq.c:94
/home/taozhi/tf2/BUILD/GAP8_V2/GCC_RISCV_PULPOS/application:1c00a636 00000050 t __rt_io_uart_wait_req	/home/taozhi/gap/gap_sdk/gap8/rtos/pulp/pulp-os/libs/io/io.c:315
/home/taozhi/tf2/BUILD/GAP8_V2/GCC_RISCV_PULPOS/application:1c00a02a 00000052 t exec_pending_task	/home/taozhi/gap/gap_sdk/gap8/rtos/pulp/pulp-os/drivers/hyper/hyperram-v1.c:867
/home/taozhi/tf2/BUILD/GAP8_V2/GCC_RISCV_PULPOS/application:1c00727e 00000052 t hyperflash_check_erase	/home/taozhi/gap/gap_sdk/rtos/pmsis/pmsis_bsp/flash/hyperflash/hyperflash.c:709
/home/taozhi/tf2/BUILD/GAP8_V2/GCC_RISCV_PULPOS/application:1c00a5a8 00000052 T __rt_i2s_init	/home/taozhi/gap/gap_sdk/gap8/rtos/pulp/pulp-os/drivers_deprecated/i2s/i2s-v1.c:268
/home/taozhi/tf2/BUILD/GAP8_V2/GCC_RISCV_PULPOS/application:1c0083e4 00000052 T __rt_irq_init	/home/taozhi/gap/gap_sdk/gap8/rtos/pulp/pulp-os/kernel/irq.c:103
/home/taozhi/tf2/BUILD/GAP8_V2/GCC_RISCV_PULPOS/application:1c00c6d4 00000054 d hyperflash_api	/home/taozhi/gap/gap_sdk/rtos/pmsis/pmsis_bsp/flash/hyperflash/hyperflash.c:944
/home/taozhi/tf2/BUILD/GAP8_V2/GCC_RISCV_PULPOS/application:1c006dc6 00000054 t hyperflash_reg_set_async	/home/taozhi/gap/gap_sdk/rtos/pmsis/pmsis_bsp/flash/hyperflash/hyperflash.c:312
/home/taozhi/tf2/BUILD/GAP8_V2/GCC_RISCV_PULPOS/application:1c009f62 00000056 t __pi_hyper_copy	/home/taozhi/gap/gap_sdk/gap8/rtos/pulp/pulp-os/drivers/hyper/hyperram-v1.c:914
/home/taozhi/tf2/BUILD/GAP8_V2/GCC_RISCV_PULPOS/application:1c009004 00000056 T __rt_periph_wait_event	/home/taozhi/gap/gap_sdk/gap8/rtos/pulp/pulp-os/kernel/periph-v2.c:237
/home/taozhi/tf2/BUILD/GAP8_V2/GCC_RISCV_PULPOS/application:1c009ec4 00000058 T __pi_hyper_copy_aligned	/home/taozhi/gap/gap_sdk/gap8/rtos/pulp/pulp-os/drivers/hyper/hyperram-v1.c:480
/home/taozhi/tf2/BUILD/GAP8_V2/GCC_RISCV_PULPOS/application:1c00a436 00000058 T rt_extern_alloc_init	/home/taozhi/gap/gap_sdk/gap8/rtos/pulp/pulp-os/kernel/alloc_extern.c:105
/home/taozhi/tf2/BUILD/GAP8_V2/GCC_RISCV_PULPOS/application:1c00a6c8 0000005a t __rt_io_start	/home/taozhi/gap/gap_sdk/gap8/rtos/pulp/pulp-os/libs/io/io.c:746
/home/taozhi/tf2/BUILD/GAP8_V2/GCC_RISCV_PULPOS/application:1c006eca 0000005c t hyperflash_program_async	/home/taozhi/gap/gap_sdk/rtos/pmsis/pmsis_bsp/flash/hyperflash/hyperflash.c:691
/home/taozhi/tf2/BUILD/GAP8_V2/GCC_RISCV_PULPOS/application:1c00325c 0000005c T mnistCNN_Destruct	/home/taozhi/tf2/BUILD_MODEL_SQ8BIT/mnistKernels.c:849
/home/taozhi/tf2/BUILD/GAP8_V2/GCC_RISCV_PULPOS/application:1c00692a 0000005c t __pi_host_fs_open	/home/taozhi/gap/gap_sdk/rtos/pmsis/pmsis_bsp/fs/host_fs/host_fs.c:44
/home/taozhi/tf2/BUILD/GAP8_V2/GCC_RISCV_PULPOS/application:1c009a04 0000005c T rt_cluster_mount	/home/taozhi/gap/gap_sdk/gap8/rtos/pulp/pulp-os/kernel/pulpos_emu.c:68
/home/taozhi/tf2/BUILD/GAP8_V2/GCC_RISCV_PULPOS/application:1c00bbde 0000005c T __rt_uart_init	/home/taozhi/gap/gap_sdk/gap8/rtos/pulp/pulp-os/drivers_deprecated/uart/uart.c:292
/home/taozhi/tf2/BUILD/GAP8_V2/GCC_RISCV_PULPOS/application:1c006d68 0000005e t hyperflash_reg_get_async	/home/taozhi/gap/gap_sdk/rtos/pmsis/pmsis_bsp/flash/hyperflash/hyperflash.c:326
/home/taozhi/tf2/BUILD/GAP8_V2/GCC_RISCV_PULPOS/application:1c007362 0000005e T pi_partition_find_first	/home/taozhi/gap/gap_sdk/rtos/pmsis/pmsis_bsp/partition/partition.c:65
/home/taozhi/tf2/BUILD/GAP8_V2/GCC_RISCV_PULPOS/application:1c00905a 0000005e T __rt_periph_init	/home/taozhi/gap/gap_sdk/gap8/rtos/pulp/pulp-os/kernel/periph-v2.c:276
/home/taozhi/tf2/BUILD/GAP8_V2/GCC_RISCV_PULPOS/application:1c00aa94 0000005e T __rt_putc_debug_bridge	/home/taozhi/gap/gap_sdk/gap8/rtos/pulp/pulp-os/libs/io/io.c:288
/home/taozhi/tf2/BUILD/GAP8_V2/GCC_RISCV_PULPOS/application:1c00958c 00000062 t __rt_init_cluster_data	/home/taozhi/gap/gap_sdk/gap8/rtos/pulp/pulp-os/kernel/cluster.c:72
/home/taozhi/tf2/BUILD/GAP8_V2/GCC_RISCV_PULPOS/application:1c0095ee 00000064 t __rt_cluster_init	/home/taozhi/gap/gap_sdk/gap8/rtos/pulp/pulp-os/kernel/cluster.c:382
/home/taozhi/tf2/BUILD/GAP8_V2/GCC_RISCV_PULPOS/application:1c0089c2 00000064 T __rt_event_execute	/home/taozhi/gap/gap_sdk/gap8/rtos/pulp/pulp-os/kernel/events.c:189
/home/taozhi/tf2/BUILD/GAP8_V2/GCC_RISCV_PULPOS/application:1c00755a 0000006c T flash_partition_find_first	/home/taozhi/gap/gap_sdk/rtos/pmsis/pmsis_bsp/partition/flash_partition.c:228
/home/taozhi/tf2/BUILD/GAP8_V2/GCC_RISCV_PULPOS/application:1c00988c 00000070 T __rt_cluster_push_fc_event	/home/taozhi/gap/gap_sdk/gap8/rtos/pulp/pulp-os/kernel/cluster.c:413
/home/taozhi/tf2/BUILD/GAP8_V2/GCC_RISCV_PULPOS/application:1c00a742 00000070 t __rt_io_lock
/home/taozhi/tf2/BUILD/GAP8_V2/GCC_RISCV_PULPOS/application:1c00a7e6 00000070 t __rt_io_unlock
/home/taozhi/tf2/BUILD/GAP8_V2/GCC_RISCV_PULPOS/application:1c0065a4 00000072 t __pi_fs_read_cached	/home/taozhi/gap/gap_sdk/rtos/pmsis/pmsis_bsp/fs/read_fs/read_fs.c:434
/home/taozhi/tf2/BUILD/GAP8_V2/GCC_RISCV_PULPOS/application:1c008be2 00000072 T __rt_allocs_init	/home/taozhi/gap/gap_sdk/gap8/rtos/pulp/pulp-os/kernel/alloc.c:465
/home/taozhi/tf2/BUILD/GAP8_V2/GCC_RISCV_PULPOS/application:1c00acfe 00000072 T __rt_io_init	/home/taozhi/gap/gap_sdk/gap8/rtos/pulp/pulp-os/libs/io/io.c:800
/home/taozhi/tf2/BUILD/GAP8_V2/GCC_RISCV_PULPOS/application:1c0073c0 00000074 T flash_partition_table_verify	/home/taozhi/gap/gap_sdk/rtos/pmsis/pmsis_bsp/partition/flash_partition.c:80
/home/taozhi/tf2/BUILD/GAP8_V2/GCC_RISCV_PULPOS/application:1c006bf4 00000074 t hyperflash_read_async	/home/taozhi/gap/gap_sdk/rtos/pmsis/pmsis_bsp/flash/hyperflash/hyperflash.c:340
/home/taozhi/tf2/BUILD/GAP8_V2/GCC_RISCV_PULPOS/application:1c00ac7e 00000076 T exit	/home/taozhi/gap/gap_sdk/gap8/rtos/pulp/pulp-os/libs/io/io.c:690
/home/taozhi/tf2/BUILD/GAP8_V2/GCC_RISCV_PULPOS/application:1c0088ec 00000076 T rt_event_alloc	/home/taozhi/gap/gap_sdk/gap8/rtos/pulp/pulp-os/kernel/events.c:52
/home/taozhi/tf2/BUILD/GAP8_V2/GCC_RISCV_PULPOS/application:1c008698 00000078 T __rt_bridge_handle_notif	/home/taozhi/gap/gap_sdk/gap8/rtos/pulp/pulp-os/kernel/bridge.c:644
/home/taozhi/tf2/BUILD/GAP8_V2/GCC_RISCV_PULPOS/application:1c008800 00000078 T __rt_bridge_req_shutdown	/home/taozhi/gap/gap_sdk/gap8/rtos/pulp/pulp-os/kernel/bridge.c:774
/home/taozhi/tf2/BUILD/GAP8_V2/GCC_RISCV_PULPOS/application:1c008cb4 0000007a T rt_event_push_delayed	/home/taozhi/gap/gap_sdk/gap8/rtos/pulp/pulp-os/kernel/time.c:59
/home/taozhi/tf2/BUILD/GAP8_V2/GCC_RISCV_PULPOS/application:1c008436 0000007c t __rt_fc_cluster_lock_req	/home/taozhi/gap/gap_sdk/gap8/rtos/pulp/pulp-os/kernel/utils.c:142
/home/taozhi/tf2/BUILD/GAP8_V2/GCC_RISCV_PULPOS/application:1c006800 0000007e t __pi_host_fs_copy_2d_async	/home/taozhi/gap/gap_sdk/rtos/pmsis/pmsis_bsp/fs/host_fs/host_fs.c:126
/home/taozhi/tf2/BUILD/GAP8_V2/GCC_RISCV_PULPOS/application:1c00c9e4 00000080 b __pi_hyper_temp_buffer	/home/taozhi/gap/gap_sdk/gap8/rtos/pulp/pulp-os/drivers/hyper/hyperram-v1.c:160
/home/taozhi/tf2/BUILD/GAP8_V2/GCC_RISCV_PULPOS/application:1c00cafc 00000080 b __rt_io_event	/home/taozhi/gap/gap_sdk/gap8/rtos/pulp/pulp-os/libs/io/io.c:39
/home/taozhi/tf2/BUILD/GAP8_V2/GCC_RISCV_PULPOS/application:1c00c870 00000080 d __rt_putc_host_buffer	/home/taozhi/gap/gap_sdk/gap8/rtos/pulp/pulp-os/libs/io/io.c:47
/home/taozhi/tf2/BUILD/GAP8_V2/GCC_RISCV_PULPOS/application:1c00a498 00000086 T __pi_gpio_handler	/home/taozhi/gap/gap_sdk/gap8/rtos/pulp/pulp-os/drivers/gpio/gpio-v2.c:54
/home/taozhi/tf2/BUILD/GAP8_V2/GCC_RISCV_PULPOS/application:1c00c930 00000088 b bsp_fs_data	/home/taozhi/gap/gap_sdk/rtos/pmsis/pmsis_bsp/fs/host_fs/host_fs.c:27
/home/taozhi/tf2/BUILD/GAP8_V2/GCC_RISCV_PULPOS/application:1c0069fe 00000088 t hyperflash_read_2d_async	/home/taozhi/gap/gap_sdk/rtos/pmsis/pmsis_bsp/flash/hyperflash/hyperflash.c:352
/home/taozhi/tf2/BUILD/GAP8_V2/GCC_RISCV_PULPOS/application:1c008d52 0000008c T __rt_time_init	/home/taozhi/gap/gap_sdk/gap8/rtos/pulp/pulp-os/kernel/time.c:136
/home/taozhi/tf2/BUILD/GAP8_V2/GCC_RISCV_PULPOS/application:1c006f5e 0000008e t hyperflash_open	/home/taozhi/gap/gap_sdk/rtos/pmsis/pmsis_bsp/flash/hyperflash/hyperflash.c:224
/home/taozhi/tf2/BUILD/GAP8_V2/GCC_RISCV_PULPOS/application:1c00bace 0000008e T __rt_uart_open	/home/taozhi/gap/gap_sdk/gap8/rtos/pulp/pulp-os/drivers_deprecated/uart/uart.c:151
/home/taozhi/tf2/BUILD/GAP8_V2/GCC_RISCV_PULPOS/application:1c0042a8 00000090 t KerConv3x2from3x3Stride1_H_2Out_SQ8	/home/taozhi/gap/gap_sdk/tools/autotiler_v3/CNN_Libraries_SQ8/CNN_Conv_SQ8.c:429
/home/taozhi/tf2/BUILD/GAP8_V2/GCC_RISCV_PULPOS/application:1c009974 00000090 T rt_cluster_call	/home/taozhi/gap/gap_sdk/gap8/rtos/pulp/pulp-os/kernel/pulpos_emu.c:40
/home/taozhi/tf2/BUILD/GAP8_V2/GCC_RISCV_PULPOS/application:1c009192 00000090 T __rt_pmu_cluster_power_down	/home/taozhi/gap/gap_sdk/gap8/rtos/pulp/pulp-os/kernel/gap/pmu_driver.c:205
/home/taozhi/tf2/BUILD/GAP8_V2/GCC_RISCV_PULPOS/application:1c0066f6 00000092 t __pi_read_fs_try_read	/home/taozhi/gap/gap_sdk/rtos/pmsis/pmsis_bsp/fs/read_fs/read_fs.c:537
/home/taozhi/tf2/BUILD/GAP8_V2/GCC_RISCV_PULPOS/application:1c00a930 00000092 t __rt_io_uart_wait_pending	/home/taozhi/gap/gap_sdk/gap8/rtos/pulp/pulp-os/libs/io/io.c:332
/home/taozhi/tf2/BUILD/GAP8_V2/GCC_RISCV_PULPOS/application:1c00ad9c 00000092 t _to_x	/home/taozhi/gap/gap_sdk/gap8/rtos/pulp/pulp-os/libs/io/prf.c:44
/home/taozhi/tf2/BUILD/GAP8_V2/GCC_RISCV_PULPOS/application:1c000c5e 00000094 t cluster	/home/taozhi/tf2/application.c:24
/home/taozhi/tf2/BUILD/GAP8_V2/GCC_RISCV_PULPOS/application:1c00650c 00000098 t __pi_read_fs_mount	/home/taozhi/gap/gap_sdk/rtos/pmsis/pmsis_bsp/fs/read_fs/read_fs.c:242
/home/taozhi/tf2/BUILD/GAP8_V2/GCC_RISCV_PULPOS/application:1c00ca64 00000098 b __rt_gpio	/home/taozhi/gap/gap_sdk/gap8/rtos/pulp/pulp-os/drivers/gpio/gpio-v2.c:34
/home/taozhi/tf2/BUILD/GAP8_V2/GCC_RISCV_PULPOS/application:1c007ece 0000009c T MD5_Update	/home/taozhi/gap/gap_sdk/rtos/pmsis/pmsis_bsp/crc/md5.c:218
/home/taozhi/tf2/BUILD/GAP8_V2/GCC_RISCV_PULPOS/application:1c009e26 0000009e T pi_hyper_close	/home/taozhi/gap/gap_sdk/gap8/rtos/pulp/pulp-os/drivers/hyper/hyperram-v1.c:337
/home/taozhi/tf2/BUILD/GAP8_V2/GCC_RISCV_PULPOS/application:1c00a312 0000009e t __pi_hyper_copy_2d	/home/taozhi/gap/gap_sdk/gap8/rtos/pulp/pulp-os/drivers/hyper/hyperram-v1.c:946
/home/taozhi/tf2/BUILD/GAP8_V2/GCC_RISCV_PULPOS/application:1c009302 000000a4 T InitOneFll	/home/taozhi/gap/gap_sdk/gap8/rtos/pulp/pulp-os/kernel/gap/pmu_driver.c:771
/home/taozhi/tf2/BUILD/GAP8_V2/GCC_RISCV_PULPOS/application:1c006b4e 000000a6 t hyperflash_erase_chip_async	/home/taozhi/gap/gap_sdk/rtos/pmsis/pmsis_bsp/flash/hyperflash/hyperflash.c:726
/home/taozhi/tf2/BUILD/GAP8_V2/GCC_RISCV_PULPOS/application:1c007140 000000aa t hyperflash_erase_resume	/home/taozhi/gap/gap_sdk/rtos/pmsis/pmsis_bsp/flash/hyperflash/hyperflash.c:766
/home/taozhi/tf2/BUILD/GAP8_V2/GCC_RISCV_PULPOS/application:1c003ecc 000000ac T KerParReductIO_CC_SQ8	/home/taozhi/gap/gap_sdk/tools/autotiler_v3/CNN_Libraries_SQ8/CNN_Activation_SQ8.c:1585
/home/taozhi/tf2/BUILD/GAP8_V2/GCC_RISCV_PULPOS/application:1c00ab2e 000000ac t tfp_putc.isra.9	/home/taozhi/gap/gap_sdk/gap8/rtos/pulp/pulp-os/libs/io/io.c:795
/home/taozhi/tf2/BUILD/GAP8_V2/GCC_RISCV_PULPOS/application:1c006a9e 000000b0 t hyperflash_erase_sector_async	/home/taozhi/gap/gap_sdk/rtos/pmsis/pmsis_bsp/flash/hyperflash/hyperflash.c:745
/home/taozhi/tf2/BUILD/GAP8_V2/GCC_RISCV_PULPOS/application:1c006e1a 000000b0 t hyperflash_program_resume	/home/taozhi/gap/gap_sdk/rtos/pmsis/pmsis_bsp/flash/hyperflash/hyperflash.c:604
/home/taozhi/tf2/BUILD/GAP8_V2/GCC_RISCV_PULPOS/application:1c003f78 000000b4 T KerParSetBiasB32_SQ8	/home/taozhi/gap/gap_sdk/tools/autotiler_v3/CNN_Libraries_SQ8/CNN_Bias_Linear_SQ8.c:56
/home/taozhi/tf2/BUILD/GAP8_V2/GCC_RISCV_PULPOS/application:1c00481e 000000ba t KerConv3x3Stride1_Body_SQ8.isra.19	/home/taozhi/gap/gap_sdk/tools/autotiler_v3/CNN_Libraries_SQ8/CNN_Conv_SQ8.c:4940
/home/taozhi/tf2/BUILD/GAP8_V2/GCC_RISCV_PULPOS/application:1c0094b4 000000bc T __rt_pmu_init	/home/taozhi/gap/gap_sdk/gap8/rtos/pulp/pulp-os/kernel/gap/pmu_driver.c:472
/home/taozhi/tf2/BUILD/GAP8_V2/GCC_RISCV_PULPOS/application:1c004338 000000be t KerConv2x3from3x3Stride1_V_SQ8	/home/taozhi/gap/gap_sdk/tools/autotiler_v3/CNN_Libraries_SQ8/CNN_Conv_SQ8.c:209
/home/taozhi/tf2/BUILD/GAP8_V2/GCC_RISCV_PULPOS/application:1c00c770 000000c0 D __hal_debug_struct
/home/taozhi/tf2/BUILD/GAP8_V2/GCC_RISCV_PULPOS/application:1c0093a6 000000ca T __rt_pmu_cluster_power_up
/home/taozhi/tf2/BUILD/GAP8_V2/GCC_RISCV_PULPOS/application:1c009782 000000d8 T pi_cluster_open	/home/taozhi/gap/gap_sdk/gap8/rtos/pulp/pulp-os/kernel/cluster.c:343
/home/taozhi/tf2/BUILD/GAP8_V2/GCC_RISCV_PULPOS/application:1c00a856 000000da t __rt_io_uart_flush.constprop.11	/home/taozhi/gap/gap_sdk/gap8/rtos/pulp/pulp-os/libs/io/io.c:795
/home/taozhi/tf2/BUILD/GAP8_V2/GCC_RISCV_PULPOS/application:1c006616 000000e0 T __pi_fs_read	/home/taozhi/gap/gap_sdk/rtos/pmsis/pmsis_bsp/fs/read_fs/read_fs.c:455
/home/taozhi/tf2/BUILD/GAP8_V2/GCC_RISCV_PULPOS/application:1c009222 000000e0 T SetFllFrequency
/home/taozhi/tf2/BUILD/GAP8_V2/GCC_RISCV_PULPOS/application:1c008dde 000000f2 T __rt_timer_handler	/home/taozhi/gap/gap_sdk/gap8/rtos/pulp/pulp-os/kernel/time_irq.c:30
/home/taozhi/tf2/BUILD/GAP8_V2/GCC_RISCV_PULPOS/application:1c00354c 000000f6 T ReadValue	/home/taozhi/gap/gap_sdk/libs/gap_lib/img_io/ImgIO.c:55
/home/taozhi/tf2/BUILD/GAP8_V2/GCC_RISCV_PULPOS/application:1c009a60 000000fa T pi_cluster_send_task_to_cl_async	/home/taozhi/gap/gap_sdk/gap8/rtos/pulp/pulp-os/kernel/cluster_call.c:65
/home/taozhi/tf2/BUILD/GAP8_V2/GCC_RISCV_PULPOS/application:1c00be90 00000100 R __clz_tab
/home/taozhi/tf2/BUILD/GAP8_V2/GCC_RISCV_PULPOS/application:1c006c68 00000100 t hyperflash_handle_pending_task	/home/taozhi/gap/gap_sdk/rtos/pmsis/pmsis_bsp/flash/hyperflash/hyperflash.c:366
/home/taozhi/tf2/BUILD/GAP8_V2/GCC_RISCV_PULPOS/application:1c007434 00000102 T flash_partition_table_load	/home/taozhi/gap/gap_sdk/rtos/pmsis/pmsis_bsp/partition/flash_partition.c:114
/home/taozhi/tf2/BUILD/GAP8_V2/GCC_RISCV_PULPOS/application:1c0045c2 00000116 t KerConv3x3Stride1_Body_2Out_SQ8.isra.17	/home/taozhi/gap/gap_sdk/tools/autotiler_v3/CNN_Libraries_SQ8/CNN_Conv_SQ8.c:4940
/home/taozhi/tf2/BUILD/GAP8_V2/GCC_RISCV_PULPOS/application:1c005a64 0000011e t KerParPoolActivation.constprop.11	/home/taozhi/gap/gap_sdk/tools/autotiler_v3/CNN_Libraries_SQ8/CNN_Pooling_SQ8.c:133
/home/taozhi/tf2/BUILD/GAP8_V2/GCC_RISCV_PULPOS/application:1c004926 00000120 t KerConv3x3BorderStride1_SQ8.isra.21	/home/taozhi/gap/gap_sdk/tools/autotiler_v3/CNN_Libraries_SQ8/CNN_Conv_SQ8.c:4940
/home/taozhi/tf2/BUILD/GAP8_V2/GCC_RISCV_PULPOS/application:1c006398 00000126 t __pi_fs_mount_step	/home/taozhi/gap/gap_sdk/rtos/pmsis/pmsis_bsp/fs/read_fs/read_fs.c:140
/home/taozhi/tf2/BUILD/GAP8_V2/GCC_RISCV_PULPOS/application:1c006272 00000126 t __pi_read_fs_open	/home/taozhi/gap/gap_sdk/rtos/pmsis/pmsis_bsp/fs/read_fs/read_fs.c:295
/home/taozhi/tf2/BUILD/GAP8_V2/GCC_RISCV_PULPOS/application:1c003da4 00000128 t KerReductIO_Compact_SQ8_1	/home/taozhi/gap/gap_sdk/tools/autotiler_v3/CNN_Libraries_SQ8/CNN_Activation_SQ8.c:1186
/home/taozhi/tf2/BUILD/GAP8_V2/GCC_RISCV_PULPOS/application:1c009652 0000012a t __rt_cluster_mount_step	/home/taozhi/gap/gap_sdk/gap8/rtos/pulp/pulp-os/kernel/cluster.c:221
/home/taozhi/tf2/BUILD/GAP8_V2/GCC_RISCV_PULPOS/application:1c00417a 0000012e t KerConv2x3from3x3Stride1_V_2Out_SQ8	/home/taozhi/gap/gap_sdk/tools/autotiler_v3/CNN_Libraries_SQ8/CNN_Conv_SQ8.c:255
/home/taozhi/tf2/BUILD/GAP8_V2/GCC_RISCV_PULPOS/application:1c008ed0 00000134 T rt_periph_copy	/home/taozhi/gap/gap_sdk/gap8/rtos/pulp/pulp-os/kernel/periph-v2.c:58
/home/taozhi/tf2/BUILD/GAP8_V2/GCC_RISCV_PULPOS/application:1c007f6a 00000138 T MD5_Final	/home/taozhi/gap/gap_sdk/rtos/pmsis/pmsis_bsp/crc/md5.c:258
/home/taozhi/tf2/BUILD/GAP8_V2/GCC_RISCV_PULPOS/application:1c0046d8 00000146 t KerConv3x3BorderStride1_2Out_SQ8.isra.18	/home/taozhi/gap/gap_sdk/tools/autotiler_v3/CNN_Libraries_SQ8/CNN_Conv_SQ8.c:4940
/home/taozhi/tf2/BUILD/GAP8_V2/GCC_RISCV_PULPOS/application:1c00402c 0000014e T KerParLinearLayerFullFeatB32_ReLU_SQ8	/home/taozhi/gap/gap_sdk/tools/autotiler_v3/CNN_Libraries_SQ8/CNN_Bias_Linear_SQ8.c:536
/home/taozhi/tf2/BUILD/GAP8_V2/GCC_RISCV_PULPOS/application:1c009cc8 0000015e T pi_hyper_open	/home/taozhi/gap/gap_sdk/gap8/rtos/pulp/pulp-os/drivers/hyper/hyperram-v1.c:261
/home/taozhi/tf2/BUILD/GAP8_V2/GCC_RISCV_PULPOS/application:1c0081b2 00000168 T __rt_init	/home/taozhi/gap/gap_sdk/gap8/rtos/pulp/pulp-os/kernel/init.c:74
/home/taozhi/tf2/BUILD/GAP8_V2/GCC_RISCV_PULPOS/application:1c004bf4 0000019a t KerConv5x4from5x5Stride1_H_SQ8.isra.43	/home/taozhi/gap/gap_sdk/tools/autotiler_v3/CNN_Libraries_SQ8/CNN_Conv_SQ8.c:4940
/home/taozhi/tf2/BUILD/GAP8_V2/GCC_RISCV_PULPOS/application:1c003c00 000001a4 T CNN_NormBW_offset_fps	/home/taozhi/gap/gap_sdk/tools/autotiler_v3/CNN_Libraries/CNN_Copy.c:1045
/home/taozhi/tf2/BUILD/GAP8_V2/GCC_RISCV_PULPOS/application:1c0052be 000001aa T KerParConv5x5Stride1_SQ8	/home/taozhi/gap/gap_sdk/tools/autotiler_v3/CNN_Libraries_SQ8/CNN_Conv_SQ8.c:4949
/home/taozhi/tf2/BUILD/GAP8_V2/GCC_RISCV_PULPOS/application:1c005b82 000001aa T KerParPool2x2Stride2_ReLU_SQ8	/home/taozhi/gap/gap_sdk/tools/autotiler_v3/CNN_Libraries_SQ8/CNN_Pooling_SQ8.c:1421
/home/taozhi/tf2/BUILD/GAP8_V2/GCC_RISCV_PULPOS/application:1c004a46 000001ae t KerConv5x5Stride1_Body_SQ8.isra.42	/home/taozhi/gap/gap_sdk/tools/autotiler_v3/CNN_Libraries_SQ8/CNN_Conv_SQ8.c:4940
/home/taozhi/tf2/BUILD/GAP8_V2/GCC_RISCV_PULPOS/application:1c000cf2 000001c4 T application	/home/taozhi/tf2/application.c:45
/home/taozhi/tf2/BUILD/GAP8_V2/GCC_RISCV_PULPOS/application:1c0043f6 000001cc t KerConv4x5from5x5Stride1_V_SQ8	/home/taozhi/gap/gap_sdk/tools/autotiler_v3/CNN_Libraries_SQ8/CNN_Conv_SQ8.c:683
/home/taozhi/tf2/BUILD/GAP8_V2/GCC_RISCV_PULPOS/application:1c00580c 00000258 t KerAvgPool2x2Stride2_SQ8	/home/taozhi/gap/gap_sdk/tools/autotiler_v3/CNN_Libraries_SQ8/CNN_Pooling_SQ8.c:302
/home/taozhi/tf2/BUILD/GAP8_V2/GCC_RISCV_PULPOS/application:1c00292e 00000262 T S14_SoftMax	/home/taozhi/tf2/BUILD_MODEL_SQ8BIT/mnistKernels.c:706
/home/taozhi/tf2/BUILD/GAP8_V2/GCC_RISCV_PULPOS/application:00000030 00000280 D periph_channels
/home/taozhi/tf2/BUILD/GAP8_V2/GCC_RISCV_PULPOS/application:1c0032b8 00000294 T mnistCNN	/home/taozhi/tf2/BUILD_MODEL_SQ8BIT/mnistKernels.c:857
/home/taozhi/tf2/BUILD/GAP8_V2/GCC_RISCV_PULPOS/application:1c004d8e 00000296 t KerConv5x5BorderStride1_SQ8.isra.44	/home/taozhi/gap/gap_sdk/tools/autotiler_v3/CNN_Libraries_SQ8/CNN_Conv_SQ8.c:4940
/home/taozhi/tf2/BUILD/GAP8_V2/GCC_RISCV_PULPOS/application:1c00a07c 00000296 t __pi_hyper_copy_misaligned	/home/taozhi/gap/gap_sdk/gap8/rtos/pulp/pulp-os/drivers/hyper/hyperram-v1.c:806
/home/taozhi/tf2/BUILD/GAP8_V2/GCC_RISCV_PULPOS/application:1c005024 0000029a T KerParConv3x3Stride1_SQ8	/home/taozhi/gap/gap_sdk/tools/autotiler_v3/CNN_Libraries_SQ8/CNN_Conv_SQ8.c:4627
/home/taozhi/tf2/BUILD/GAP8_V2/GCC_RISCV_PULPOS/application:1c005d2c 0000031c T KerParSoftMax_SQ8	/home/taozhi/gap/gap_sdk/tools/autotiler_v3/CNN_Libraries_SQ8/CNN_SoftMax_SQ8.c:199
/home/taozhi/tf2/BUILD/GAP8_V2/GCC_RISCV_PULPOS/application:1c000930 0000032e T __umoddi3	/home/haugoug/src/riscv-gnu-toolchain/riscv-gcc/libgcc/libgcc2.c:1305
/home/taozhi/tf2/BUILD/GAP8_V2/GCC_RISCV_PULPOS/application:1c0005f4 0000033c T __udivdi3	/home/haugoug/src/riscv-gnu-toolchain/riscv-gcc/libgcc/libgcc2.c:1317
/home/taozhi/tf2/BUILD/GAP8_V2/GCC_RISCV_PULPOS/application:1c005468 000003a4 t KerMaxPool2x2Stride2_SQ8	/home/taozhi/gap/gap_sdk/tools/autotiler_v3/CNN_Libraries_SQ8/CNN_Pooling_SQ8.c:234
/home/taozhi/tf2/BUILD/GAP8_V2/GCC_RISCV_PULPOS/application:1c0023f4 0000053a T S13_Op_FULLY_CONNECTED_0_6_fusion	/home/taozhi/tf2/BUILD_MODEL_SQ8BIT/mnistKernels.c:589
/home/taozhi/tf2/BUILD/GAP8_V2/GCC_RISCV_PULPOS/application:1c003642 000005be T ReadImageFromFile	/home/taozhi/gap/gap_sdk/libs/gap_lib/img_io/ImgIO.c:308
/home/taozhi/tf2/BUILD/GAP8_V2/GCC_RISCV_PULPOS/application:1c001de4 00000610 T S10_Op_FULLY_CONNECTED_0_5_fusion	/home/taozhi/tf2/BUILD_MODEL_SQ8BIT/mnistKernels.c:455
/home/taozhi/tf2/BUILD/GAP8_V2/GCC_RISCV_PULPOS/application:1c002b90 000006cc T mnistCNN_Construct	/home/taozhi/tf2/BUILD_MODEL_SQ8BIT/mnistKernels.c:771
/home/taozhi/tf2/BUILD/GAP8_V2/GCC_RISCV_PULPOS/application:1c000ebc 00000780 T S4_Conv2d_32x1x5x5_MaxPool_2x2_Relu	/home/taozhi/tf2/BUILD_MODEL_SQ8BIT/mnistKernels.c:57
/home/taozhi/tf2/BUILD/GAP8_V2/GCC_RISCV_PULPOS/application:1c00163c 000007a8 T S7_Conv2d_64x32x3x3_MaxPool_2x2_Relu	/home/taozhi/tf2/BUILD_MODEL_SQ8BIT/mnistKernels.c:257
/home/taozhi/tf2/BUILD/GAP8_V2/GCC_RISCV_PULPOS/application:1b000398 00000800 D __rt_fc_stack	/home/taozhi/gap/gap_sdk/gap8/rtos/pulp/pulp-os/kernel/conf.c:38
/home/taozhi/tf2/BUILD/GAP8_V2/GCC_RISCV_PULPOS/application:1c0075c6 000008d6 t body	/home/taozhi/gap/gap_sdk/rtos/pmsis/pmsis_bsp/crc/md5.c:100
/home/taozhi/tf2/BUILD/GAP8_V2/GCC_RISCV_PULPOS/application:1c00aec6 00000ab6 T _prf	/home/taozhi/gap/gap_sdk/gap8/rtos/pulp/pulp-os/libs/io/prf.c:437
